Archive member included to satisfy reference by file (symbol)

d:/nxp/mcuxpressoide_11.3.1_5262/ide/plugins/com.nxp.mcuxpresso.tools.win32_11.3.0.202008311133/tools/bin/../lib/gcc/arm-none-eabi/9.3.1/../../../../arm-none-eabi/lib/thumb/v7e-m+fp/hard\libcr_semihost_nf.a(_cr__main.o)
                              ./startup/startup_mimxrt1011.o (__main)
d:/nxp/mcuxpressoide_11.3.1_5262/ide/plugins/com.nxp.mcuxpresso.tools.win32_11.3.0.202008311133/tools/bin/../lib/gcc/arm-none-eabi/9.3.1/../../../../arm-none-eabi/lib/thumb/v7e-m+fp/hard\libcr_semihost_nf.a(_cr_assert.o)
                              ./drivers/fsl_clock.o (__assertion_failed)
d:/nxp/mcuxpressoide_11.3.1_5262/ide/plugins/com.nxp.mcuxpresso.tools.win32_11.3.0.202008311133/tools/bin/../lib/gcc/arm-none-eabi/9.3.1/../../../../arm-none-eabi/lib/thumb/v7e-m+fp/hard\libcr_semihost_nf.a(__ciob.o)
                              d:/nxp/mcuxpressoide_11.3.1_5262/ide/plugins/com.nxp.mcuxpresso.tools.win32_11.3.0.202008311133/tools/bin/../lib/gcc/arm-none-eabi/9.3.1/../../../../arm-none-eabi/lib/thumb/v7e-m+fp/hard\libcr_semihost_nf.a(_cr_assert.o) (__Ciob)
d:/nxp/mcuxpressoide_11.3.1_5262/ide/plugins/com.nxp.mcuxpresso.tools.win32_11.3.0.202008311133/tools/bin/../lib/gcc/arm-none-eabi/9.3.1/../../../../arm-none-eabi/lib/thumb/v7e-m+fp/hard\libcr_semihost_nf.a(__sys_appexit.o)
                              d:/nxp/mcuxpressoide_11.3.1_5262/ide/plugins/com.nxp.mcuxpresso.tools.win32_11.3.0.202008311133/tools/bin/../lib/gcc/arm-none-eabi/9.3.1/../../../../arm-none-eabi/lib/thumb/v7e-m+fp/hard\libcr_semihost_nf.a(_cr_assert.o) (__sys_appexit)
d:/nxp/mcuxpressoide_11.3.1_5262/ide/plugins/com.nxp.mcuxpresso.tools.win32_11.3.0.202008311133/tools/bin/../lib/gcc/arm-none-eabi/9.3.1/../../../../arm-none-eabi/lib/thumb/v7e-m+fp/hard\libcr_c.a(memcpy.o)
                              ./utilities/fsl_str.o (memcpy)
d:/nxp/mcuxpressoide_11.3.1_5262/ide/plugins/com.nxp.mcuxpresso.tools.win32_11.3.0.202008311133/tools/bin/../lib/gcc/arm-none-eabi/9.3.1/../../../../arm-none-eabi/lib/thumb/v7e-m+fp/hard\libcr_c.a(memset.o)
                              ./drivers/fsl_lpuart.o (memset)
d:/nxp/mcuxpressoide_11.3.1_5262/ide/plugins/com.nxp.mcuxpresso.tools.win32_11.3.0.202008311133/tools/bin/../lib/gcc/arm-none-eabi/9.3.1/../../../../arm-none-eabi/lib/thumb/v7e-m+fp/hard\libcr_c.a(_deferredlazyseek.o)
                              d:/nxp/mcuxpressoide_11.3.1_5262/ide/plugins/com.nxp.mcuxpresso.tools.win32_11.3.0.202008311133/tools/bin/../lib/gcc/arm-none-eabi/9.3.1/../../../../arm-none-eabi/lib/thumb/v7e-m+fp/hard\libcr_semihost_nf.a(_cr_assert.o) (__flsbuf)
d:/nxp/mcuxpressoide_11.3.1_5262/ide/plugins/com.nxp.mcuxpresso.tools.win32_11.3.0.202008311133/tools/bin/../lib/gcc/arm-none-eabi/9.3.1/../../../../arm-none-eabi/lib/thumb/v7e-m+fp/hard\libcr_c.a(_fflush.o)
                              d:/nxp/mcuxpressoide_11.3.1_5262/ide/plugins/com.nxp.mcuxpresso.tools.win32_11.3.0.202008311133/tools/bin/../lib/gcc/arm-none-eabi/9.3.1/../../../../arm-none-eabi/lib/thumb/v7e-m+fp/hard\libcr_c.a(_deferredlazyseek.o) (_fflush)
d:/nxp/mcuxpressoide_11.3.1_5262/ide/plugins/com.nxp.mcuxpresso.tools.win32_11.3.0.202008311133/tools/bin/../lib/gcc/arm-none-eabi/9.3.1/../../../../arm-none-eabi/lib/thumb/v7e-m+fp/hard\libcr_c.a(_writebuf.o)
                              d:/nxp/mcuxpressoide_11.3.1_5262/ide/plugins/com.nxp.mcuxpresso.tools.win32_11.3.0.202008311133/tools/bin/../lib/gcc/arm-none-eabi/9.3.1/../../../../arm-none-eabi/lib/thumb/v7e-m+fp/hard\libcr_c.a(_deferredlazyseek.o) (_Cwritebuf)
d:/nxp/mcuxpressoide_11.3.1_5262/ide/plugins/com.nxp.mcuxpresso.tools.win32_11.3.0.202008311133/tools/bin/../lib/gcc/arm-none-eabi/9.3.1/../../../../arm-none-eabi/lib/thumb/v7e-m+fp/hard\libcr_c.a(alloc.o)
                              ./drivers/fsl_common.o (malloc)
d:/nxp/mcuxpressoide_11.3.1_5262/ide/plugins/com.nxp.mcuxpresso.tools.win32_11.3.0.202008311133/tools/bin/../lib/gcc/arm-none-eabi/9.3.1/../../../../arm-none-eabi/lib/thumb/v7e-m+fp/hard\libcr_c.a(errno.o)
                              ./utilities/fsl_str.o (errno)
d:/nxp/mcuxpressoide_11.3.1_5262/ide/plugins/com.nxp.mcuxpresso.tools.win32_11.3.0.202008311133/tools/bin/../lib/gcc/arm-none-eabi/9.3.1/../../../../arm-none-eabi/lib/thumb/v7e-m+fp/hard\libcr_c.a(fputs.o)
                              d:/nxp/mcuxpressoide_11.3.1_5262/ide/plugins/com.nxp.mcuxpresso.tools.win32_11.3.0.202008311133/tools/bin/../lib/gcc/arm-none-eabi/9.3.1/../../../../arm-none-eabi/lib/thumb/v7e-m+fp/hard\libcr_semihost_nf.a(_cr_assert.o) (fputs)
d:/nxp/mcuxpressoide_11.3.1_5262/ide/plugins/com.nxp.mcuxpresso.tools.win32_11.3.0.202008311133/tools/bin/../lib/gcc/arm-none-eabi/9.3.1/../../../../arm-none-eabi/lib/thumb/v7e-m+fp/hard\libcr_c.a(fseek.o)
[...]
Memory Configuration

Name             Origin             Length             Attributes
BOARD_FLASH      0x60000000         0x01000000         xr
SRAM_DTC         0x20000000         0x00008000         xrw
SRAM_ITC         0x00000000         0x00008000         xrw
SRAM_OC          0x20200000         0x00008000         xrw
NCACHE_REGION    0x20208000         0x00008000         xrw
*default*        0x00000000         0xffffffff

Linker script and memory map

LOAD ./xip/evkmimxrt1010_flexspi_nor_config.o
LOAD ./xip/fsl_flexspi_nor_boot.o
LOAD ./utilities/fsl_debug_console.o
LOAD ./utilities/fsl_str.o
LOAD ./startup/startup_mimxrt1011.o
LOAD ./source/Robomapper.o
LOAD ./source/semihost_hardfault.o
LOAD ./drivers/fsl_clock.o
LOAD ./drivers/fsl_common.o
LOAD ./drivers/fsl_gpio.o
LOAD ./drivers/fsl_lpuart.o
LOAD ./drivers/fsl_pit.o
LOAD ./device/system_MIMXRT1011.o
LOAD ./component/uart/fsl_adapter_lpuart.o
LOAD ./component/serial_manager/fsl_component_serial_manager.o
LOAD ./component/serial_manager/fsl_component_serial_port_uart.o
LOAD ./component/lists/fsl_component_generic_list.o
LOAD ./board/board.o
LOAD ./board/clock_config.o
LOAD ./board/peripherals.o
LOAD ./board/pin_mux.o
START GROUP
LOAD d:/nxp/mcuxpressoide_11.3.1_5262/ide/plugins/com.nxp.mcuxpresso.tools.win32_11.3.0.202008311133/tools/bin/../lib/gcc/arm-none-eabi/9.3.1/../../../../arm-none-eabi/lib/thumb/v7e-m+fp/hard\libcr_semihost_nf.a
LOAD d:/nxp/mcuxpressoide_11.3.1_5262/ide/plugins/com.nxp.mcuxpresso.tools.win32_11.3.0.202008311133/tools/bin/../lib/gcc/arm-none-eabi/9.3.1/../../../../arm-none-eabi/lib/thumb/v7e-m+fp/hard\libcr_c.a
LOAD d:/nxp/mcuxpressoide_11.3.1_5262/ide/plugins/com.nxp.mcuxpresso.tools.win32_11.3.0.202008311133/tools/bin/../lib/gcc/arm-none-eabi/9.3.1/thumb/v7e-m+fp/hard\libcr_eabihelpers.a
LOAD d:/nxp/mcuxpressoide_11.3.1_5262/ide/plugins/com.nxp.mcuxpresso.tools.win32_11.3.0.202008311133/tools/bin/../lib/gcc/arm-none-eabi/9.3.1/thumb/v7e-m+fp/hard\libgcc.a
END GROUP
                0x60000000                __base_BOARD_FLASH = 0x60000000
                0x60000000                __base_Flash = 0x60000000
                0x61000000                __top_BOARD_FLASH = 0x61000000
                0x61000000                __top_Flash = 0x61000000
                0x20000000                __base_SRAM_DTC = 0x20000000
                0x20000000                __base_RAM = 0x20000000
                0x20008000                __top_SRAM_DTC = 0x20008000
                0x20008000                __top_RAM = 0x20008000
                0x00000000                __base_SRAM_ITC = 0x0
                0x00000000                __base_RAM2 = 0x0
                0x00008000                __top_SRAM_ITC = 0x8000
                0x00008000                __top_RAM2 = 0x8000
                0x20200000                __base_SRAM_OC = 0x20200000
                0x20200000                __base_RAM3 = 0x20200000
                0x20208000                __top_SRAM_OC = 0x20208000
                0x20208000                __top_RAM3 = 0x20208000
                0x20208000                __base_NCACHE_REGION = 0x20208000
                0x20208000                __base_RAM4 = 0x20208000
                0x20210000                __top_NCACHE_REGION = 0x20210000
                0x20210000                __top_RAM4 = 0x20210000

.boot_hdr       0x60000000     0x2000
 FILL mask 0xff
                0x00000400                . = 0x400
 *fill*         0x60000000      0x400 ff
                0x60000400                __boot_hdr_start__ = ABSOLUTE (.)
 *(SORT_BY_ALIGNMENT(.boot_hdr.conf))
 .boot_hdr.conf
                0x60000400      0x200 ./xip/evkmimxrt1010_flexspi_nor_config.o
                0x60000400                qspiflash_config
                0x00001000                . = 0x1000
 *fill*         0x60000600      0xa00 ff
 *(SORT_BY_ALIGNMENT(.boot_hdr.ivt))
 .boot_hdr.ivt  0x60001000       0x20 ./xip/fsl_flexspi_nor_boot.o
                0x60001000                image_vector_table
                0x00001020                . = 0x1020
 *(SORT_BY_ALIGNMENT(.boot_hdr.boot_data))
 .boot_hdr.boot_data
                0x60001020       0x10 ./xip/fsl_flexspi_nor_boot.o
                0x60001020                boot_data
                0x00001030                . = 0x1030
 *(SORT_BY_ALIGNMENT(.boot_hdr.dcd_data))
                0x60001030                __boot_hdr_end__ = ABSOLUTE (.)
                0x00002000                . = 0x2000
 *fill*         0x60001030      0xfd0 ff

.text           0x60002000     0x3e68
 FILL mask 0xff
                0x60002000                __vectors_start__ = ABSOLUTE (.)
 *(SORT_BY_ALIGNMENT(.isr_vector))
 .isr_vector    0x60002000      0x180 ./startup/startup_mimxrt1011.o
                0x60002000                g_pfnVectors
                0x60002000                __Vectors
                0x60002180                . = ALIGN (0x4)
                0x60002180                __section_table_start = .
                0x60002180                __data_section_table = .
                0x60002180        0x4 LONG 0x60005e68 LOADADDR (.data)
                0x60002184        0x4 LONG 0x20000000 ADDR (.data)
                0x60002188        0x4 LONG 0x4 SIZEOF (.data)
                0x6000218c        0x4 LONG 0x60005e68 LOADADDR (.data_RAM2)
                0x60002190        0x4 LONG 0x0 ADDR (.data_RAM2)
                0x60002194        0x4 LONG 0x0 SIZEOF (.data_RAM2)
                0x60002198        0x4 LONG 0x60005e68 LOADADDR (.data_RAM3)
                0x6000219c        0x4 LONG 0x20200000 ADDR (.data_RAM3)
                0x600021a0        0x4 LONG 0x0 SIZEOF (.data_RAM3)
                0x600021a4        0x4 LONG 0x60005e68 LOADADDR (.data_RAM4)
                0x600021a8        0x4 LONG 0x20208000 ADDR (.data_RAM4)
                0x600021ac        0x4 LONG 0x0 SIZEOF (.data_RAM4)
                0x600021b0                __data_section_table_end = .
                0x600021b0                __bss_section_table = .
                0x600021b0        0x4 LONG 0x20000004 ADDR (.bss)
                0x600021b4        0x4 LONG 0xe4 SIZEOF (.bss)
                0x600021b8        0x4 LONG 0x0 ADDR (.bss_RAM2)
                0x600021bc        0x4 LONG 0x0 SIZEOF (.bss_RAM2)
                0x600021c0        0x4 LONG 0x20200000 ADDR (.bss_RAM3)
                0x600021c4        0x4 LONG 0x0 SIZEOF (.bss_RAM3)
                0x600021c8        0x4 LONG 0x20208000 ADDR (.bss_RAM4)
                0x600021cc        0x4 LONG 0x0 SIZEOF (.bss_RAM4)
                0x600021d0                __bss_section_table_end = .
                0x600021d0                __section_table_end = .
 *(SORT_BY_ALIGNMENT(.after_vectors*))
 .after_vectors.reset
                0x600021d0       0x58 ./startup/startup_mimxrt1011.o
                0x600021d0                ResetISR
 .after_vectors.init_data
                0x60002228       0x1e ./startup/startup_mimxrt1011.o
                0x60002228                data_init
 .after_vectors.init_bss
                0x60002246       0x12 ./startup/startup_mimxrt1011.o
                0x60002246                bss_init
 .after_vectors
                0x60002258       0x14 ./startup/startup_mimxrt1011.o
                0x60002258                NMI_Handler
                0x6000225c                MemManage_Handler
                0x6000225e                BusFault_Handler
                0x60002260                UsageFault_Handler
                0x60002262                SVC_Handler
                0x60002264                DebugMon_Handler
                0x60002266                PendSV_Handler
                0x60002268                SysTick_Handler
                0x6000226a                DMA12_DriverIRQHandler
                0x6000226a                SPDIF_DriverIRQHandler
                0x6000226a                FLEXRAM_DriverIRQHandler
                0x6000226a                DMA0_DriverIRQHandler
                0x6000226a                PIT_DriverIRQHandler
                0x6000226a                ADC_ETC_IRQ3_DriverIRQHandler
                0x6000226a                USB_PHY_DriverIRQHandler
                0x6000226a                GPR_IRQ_DriverIRQHandler
                0x6000226a                DMA6_DriverIRQHandler
                0x6000226a                TRNG_DriverIRQHandler
                0x6000226a                SAI3_RX_DriverIRQHandler
                0x6000226a                IntDefaultHandler
                0x6000226a                DMA11_DriverIRQHandler
                0x6000226a                SRC_DriverIRQHandler
                0x6000226a                DMA10_DriverIRQHandler
                0x6000226a                EWM_DriverIRQHandler
                0x6000226a                DMA5_DriverIRQHandler
                0x6000226a                DMA4_DriverIRQHandler
                0x6000226a                WDOG1_DriverIRQHandler
                0x6000226a                CCM_2_DriverIRQHandler
                0x6000226a                ADC_ETC_IRQ2_DriverIRQHandler
                0x6000226a                GPIO1_Combined_16_31_DriverIRQHandler
                0x6000226a                SAI1_DriverIRQHandler
                0x6000226a                DCDC_DriverIRQHandler
                0x6000226a                ADC_ETC_ERROR_IRQ_DriverIRQHandler
                0x6000226a                GPIO5_Combined_0_15_DriverIRQHandler
                0x6000226a                DMA3_DriverIRQHandler
                0x6000226a                RTWDOG_DriverIRQHandler
                0x6000226a                FLEXSPI_DriverIRQHandler
                0x6000226a                GPT2_DriverIRQHandler
                0x6000226a                DMA8_DriverIRQHandler
                0x6000226a                DMA9_DriverIRQHandler
                0x6000226a                PWM1_1_DriverIRQHandler
                0x6000226a                Reserved71_DriverIRQHandler
                0x6000226a                ADC1_DriverIRQHandler
                0x6000226a                PWM1_0_DriverIRQHandler
                0x6000226a                DMA14_DriverIRQHandler
                0x6000226a                DCP_DriverIRQHandler
                0x6000226a                CTI0_ERROR_DriverIRQHandler
                0x6000226a                GPT1_DriverIRQHandler
                0x6000226a                CSU_DriverIRQHandler
                0x6000226a                CTI1_ERROR_DriverIRQHandler
                0x6000226a                GPIO1_Combined_0_15_DriverIRQHandler
                0x6000226a                LPSPI2_DriverIRQHandler
                0x6000226a                CORE_DriverIRQHandler
                0x6000226a                FLEXIO1_DriverIRQHandler
                0x6000226a                SNVS_HP_WRAPPER_TZ_DriverIRQHandler
                0x6000226a                PWM1_FAULT_DriverIRQHandler
                0x6000226a                DMA1_DriverIRQHandler
                0x6000226a                LPI2C1_DriverIRQHandler
                0x6000226a                SNVS_HP_WRAPPER_DriverIRQHandler
                0x6000226a                ADC_ETC_IRQ1_DriverIRQHandler
                0x6000226a                LPSPI1_DriverIRQHandler
                0x6000226a                DMA13_DriverIRQHandler
                0x6000226a                DCP_VMI_DriverIRQHandler
                0x6000226a                DMA15_DriverIRQHandler
                0x6000226a                GPC_DriverIRQHandler
                0x6000226a                GPIO2_Combined_0_15_DriverIRQHandler
                0x6000226a                PWM1_2_DriverIRQHandler
                0x6000226a                USB_OTG1_DriverIRQHandler
                0x6000226a                TEMP_LOW_HIGH_DriverIRQHandler
                0x6000226a                SAI3_TX_DriverIRQHandler
                0x6000226a                WDOG2_DriverIRQHandler
                0x6000226a                Reserved68_DriverIRQHandler
                0x6000226a                PMU_DriverIRQHandler
                0x6000226a                CCM_1_DriverIRQHandler
                0x6000226a                TEMP_PANIC_DriverIRQHandler
                0x6000226a                KPP_DriverIRQHandler
                0x6000226a                DMA2_DriverIRQHandler
                0x6000226a                PWM1_3_DriverIRQHandler
                0x6000226a                Reserved70_DriverIRQHandler
                0x6000226a                LPI2C2_DriverIRQHandler
                0x6000226a                DMA_ERROR_DriverIRQHandler
                0x6000226a                ADC_ETC_IRQ0_DriverIRQHandler
                0x6000226a                DMA7_DriverIRQHandler
                0x6000226a                XBAR1_IRQ_0_1_2_3_DriverIRQHandler
                0x6000226a                SNVS_LP_WRAPPER_DriverIRQHandler
 *(SORT_BY_ALIGNMENT(.text*))
 .text.PIT_IRQHandler
                0x6000226c       0x4c ./source/Robomapper.o
                0x6000226c                PIT_IRQHandler
 .text.main     0x600022b8      0x258 ./source/Robomapper.o
                0x600022b8                main
 .text.CLOCK_GetOscFreq
                0x60002510       0x30 ./drivers/fsl_clock.o
 .text.CLOCK_InitExternalClk
                0x60002540       0x6c ./drivers/fsl_clock.o
                0x60002540                CLOCK_InitExternalClk
 .text.CLOCK_SwitchOsc
                0x600025ac       0x34 ./drivers/fsl_clock.o
                0x600025ac                CLOCK_SwitchOsc
 .text.CLOCK_InitRcOsc24M
                0x600025e0       0x24 ./drivers/fsl_clock.o
                0x600025e0                CLOCK_InitRcOsc24M
 .text.CLOCK_InitSysPll
                0x60002604       0x9c ./drivers/fsl_clock.o
                0x60002604                CLOCK_InitSysPll
 .text.CLOCK_DeinitAudioPll
                0x600026a0       0x1c ./drivers/fsl_clock.o
                0x600026a0                CLOCK_DeinitAudioPll
 .text.CLOCK_InitEnetPll
                0x600026bc       0x7c ./drivers/fsl_clock.o
                0x600026bc                CLOCK_InitEnetPll
 .text.CLOCK_GetPllFreq
                0x60002738      0x1e8 ./drivers/fsl_clock.o
                0x60002738                CLOCK_GetPllFreq
 .text.CLOCK_InitSysPfd
                0x60002920       0x64 ./drivers/fsl_clock.o
                0x60002920                CLOCK_InitSysPfd
 .text.CLOCK_ControlGate
                0x60002984       0x64 ./drivers/fsl_gpio.o
 .text.GPIO_GetInstance
                0x600029e8       0x4c ./drivers/fsl_gpio.o
 .text.GPIO_PinInit
                0x60002a34       0xa4 ./drivers/fsl_gpio.o
                0x60002a34                GPIO_PinInit
 .text.GPIO_PinWrite
                0x60002ad8       0x48 ./drivers/fsl_gpio.o
                0x60002ad8                GPIO_PinWrite
 .text.GPIO_PinSetInterruptConfig
                0x60002b20       0xfc ./drivers/fsl_gpio.o
                0x60002b20                GPIO_PinSetInterruptConfig
 .text.LPUART1_DriverIRQHandler
                0x60002c1c       0x28 ./drivers/fsl_lpuart.o
                0x60002c1c                LPUART1_DriverIRQHandler
 .text.LPUART2_DriverIRQHandler
                0x60002c44       0x28 ./drivers/fsl_lpuart.o
                0x60002c44                LPUART2_DriverIRQHandler
 .text.LPUART3_DriverIRQHandler
                0x60002c6c       0x28 ./drivers/fsl_lpuart.o
                0x60002c6c                LPUART3_DriverIRQHandler
 .text.LPUART4_DriverIRQHandler
                0x60002c94       0x28 ./drivers/fsl_lpuart.o
                0x60002c94                LPUART4_DriverIRQHandler
 .text.CLOCK_ControlGate
                0x60002cbc       0x64 ./drivers/fsl_pit.o
 .text.PIT_GetInstance
                0x60002d20       0x44 ./drivers/fsl_pit.o
 .text.PIT_Init
                0x60002d64       0x94 ./drivers/fsl_pit.o
                0x60002d64                PIT_Init
 .text.SystemInit
                0x60002df8      0x1d8 ./device/system_MIMXRT1011.o
                0x60002df8                SystemInit
 .text.ARM_MPU_Enable
                0x60002fd0       0x40 ./board/board.o
 .text.ARM_MPU_Disable
                0x60003010       0x34 ./board/board.o
 .text.CLOCK_GetMux
                0x60003044       0x44 ./board/board.o
 .text.CLOCK_GetDiv
                0x60003088       0x44 ./board/board.o
 .text.CLOCK_GetOscFreq
                0x600030cc       0x30 ./board/board.o
 .text.BOARD_DebugConsoleSrcFreq
                0x600030fc       0x64 ./board/board.o
                0x600030fc                BOARD_DebugConsoleSrcFreq
 .text.BOARD_ConfigMPU
                0x60003160      0x2e4 ./board/board.o
                0x60003160                BOARD_ConfigMPU
 .text.SystemInitHook
                0x60003444       0x20 ./board/board.o
                0x60003444                SystemInitHook
 .text.CLOCK_SetMux
                0x60003464       0x9c ./board/clock_config.o
 .text.CLOCK_SetDiv
                0x60003500       0x9c ./board/clock_config.o
 .text.CLOCK_ControlGate
                0x6000359c       0x64 ./board/clock_config.o
 .text.CLOCK_SetXtalFreq
                0x60003600       0x20 ./board/clock_config.o
 .text.CLOCK_SetRtcXtalFreq
                0x60003620       0x20 ./board/clock_config.o
 .text.IOMUXC_MQSConfig
                0x60003640       0x44 ./board/clock_config.o
 .text.BOARD_BootClockRUN
                0x60003684      0x3c0 ./board/clock_config.o
                0x60003684                BOARD_BootClockRUN
 .text.__NVIC_EnableIRQ
                0x60003a44       0x3c ./board/peripherals.o
 .text.PIT_SetTimerPeriod
                0x60003a80       0x38 ./board/peripherals.o
 .text.PIT_init
                0x60003ab8       0x40 ./board/peripherals.o
 .text.CLOCK_ControlGate
                0x60003af8       0x64 ./board/pin_mux.o
 .text.BOARD_InitPins
                0x60003b5c      0x13c ./board/pin_mux.o
                0x60003b5c                BOARD_InitPins
 .text.BOARD_InitDEBUG_UARTPins
                0x60003c98       0x54 ./board/pin_mux.o
                0x60003c98                BOARD_InitDEBUG_UARTPins
 .text.__assertion_failed
                0x60003cec       0x4c d:/nxp/mcuxpressoide_11.3.1_5262/ide/plugins/com.nxp.mcuxpresso.tools.win32_11.3.0.202008311133/tools/bin/../lib/gcc/arm-none-eabi/9.3.1/../../../../arm-none-eabi/lib/thumb/v7e-m+fp/hard\libcr_semihost_nf.a(_cr_assert.o)
                0x60003cec                __assertion_failed
 .text.__sys_appexit
                0x60003d38        0xc d:/nxp/mcuxpressoide_11.3.1_5262/ide/plugins/com.nxp.mcuxpresso.tools.win32_11.3.0.202008311133/tools/bin/../lib/gcc/arm-none-eabi/9.3.1/../../../../arm-none-eabi/lib/thumb/v7e-m+fp/hard\libcr_semihost_nf.a(__sys_appexit.o)
                0x60003d38                __sys_appexit
                0x60003d38                __exit
 .text._Cwritebuf
                0x60003d44       0x6c d:/nxp/mcuxpressoide_11.3.1_5262/ide/plugins/com.nxp.mcuxpresso.tools.win32_11.3.0.202008311133/tools/bin/../lib/gcc/arm-none-eabi/9.3.1/../../../../arm-none-eabi/lib/thumb/v7e-m+fp/hard\libcr_c.a(_writebuf.o)
                0x60003d44                _Cwritebuf
 .text.malloc   0x60003db0       0xc8 d:/nxp/mcuxpressoide_11.3.1_5262/ide/plugins/com.nxp.mcuxpresso.tools.win32_11.3.0.202008311133/tools/bin/../lib/gcc/arm-none-eabi/9.3.1/../../../../arm-none-eabi/lib/thumb/v7e-m+fp/hard\libcr_c.a(alloc.o)
                0x60003db0                malloc
 .text._Csys_alloc
                0x60003e78       0x20 d:/nxp/mcuxpressoide_11.3.1_5262/ide/plugins/com.nxp.mcuxpresso.tools.win32_11.3.0.202008311133/tools/bin/../lib/gcc/arm-none-eabi/9.3.1/../../../../arm-none-eabi/lib/thumb/v7e-m+fp/hard\libcr_c.a(alloc.o)
                0x60003e78                _Csys_alloc
 .text.fseek    0x60003e98      0x100 d:/nxp/mcuxpressoide_11.3.1_5262/ide/plugins/com.nxp.mcuxpresso.tools.win32_11.3.0.202008311133/tools/bin/../lib/gcc/arm-none-eabi/9.3.1/../../../../arm-none-eabi/lib/thumb/v7e-m+fp/hard\libcr_c.a(fseek.o)
                0x60003e98                fseek
 .text.ftell    0x60003f98       0x44 d:/nxp/mcuxpressoide_11.3.1_5262/ide/plugins/com.nxp.mcuxpresso.tools.win32_11.3.0.202008311133/tools/bin/../lib/gcc/arm-none-eabi/9.3.1/../../../../arm-none-eabi/lib/thumb/v7e-m+fp/hard\libcr_c.a(ftell.o)
                0x60003f98                ftell
 .text._initio  0x60003fdc       0x78 d:/nxp/mcuxpressoide_11.3.1_5262/ide/plugins/com.nxp.mcuxpresso.tools.win32_11.3.0.202008311133/tools/bin/../lib/gcc/arm-none-eabi/9.3.1/../../../../arm-none-eabi/lib/thumb/v7e-m+fp/hard\libcr_c.a(initio.o)
                0x60003fdc                _initio
 .text.__vfprintf
                0x60004054      0xce8 d:/nxp/mcuxpressoide_11.3.1_5262/ide/plugins/com.nxp.mcuxpresso.tools.win32_11.3.0.202008311133/tools/bin/../lib/gcc/arm-none-eabi/9.3.1/../../../../arm-none-eabi/lib/thumb/v7e-m+fp/hard\libcr_c.a(printf.o)
                0x60004054                __vfprintf
 .text._vsnprintf
                0x60004d3c       0x68 d:/nxp/mcuxpressoide_11.3.1_5262/ide/plugins/com.nxp.mcuxpresso.tools.win32_11.3.0.202008311133/tools/bin/../lib/gcc/arm-none-eabi/9.3.1/../../../../arm-none-eabi/lib/thumb/v7e-m+fp/hard\libcr_c.a(printf.o)
                0x60004d3c                _vsnprintf
 .text._printf  0x60004da4       0x54 d:/nxp/mcuxpressoide_11.3.1_5262/ide/plugins/com.nxp.mcuxpresso.tools.win32_11.3.0.202008311133/tools/bin/../lib/gcc/arm-none-eabi/9.3.1/../../../../arm-none-eabi/lib/thumb/v7e-m+fp/hard\libcr_c.a(printf.o)
                0x60004da4                _printf
 .text._sbrk    0x60004df8       0x3c d:/nxp/mcuxpressoide_11.3.1_5262/ide/plugins/com.nxp.mcuxpresso.tools.win32_11.3.0.202008311133/tools/bin/../lib/gcc/arm-none-eabi/9.3.1/../../../../arm-none-eabi/lib/thumb/v7e-m+fp/hard\libcr_c.a(_cr_sbrk.o)
                0x60004df8                _sbrk
 .text.fflush   0x60004e34       0x44 d:/nxp/mcuxpressoide_11.3.1_5262/ide/plugins/com.nxp.mcuxpresso.tools.win32_11.3.0.202008311133/tools/bin/../lib/gcc/arm-none-eabi/9.3.1/../../../../arm-none-eabi/lib/thumb/v7e-m+fp/hard\libcr_c.a(fflush.o)
                0x60004e34                fflush
 .text.__check_heap_overflow
                0x60004e78       0x18 d:/nxp/mcuxpressoide_11.3.1_5262/ide/plugins/com.nxp.mcuxpresso.tools.win32_11.3.0.202008311133/tools/bin/../lib/gcc/arm-none-eabi/9.3.1/../../../../arm-none-eabi/lib/thumb/v7e-m+fp/hard\libcr_c.a(_cr_check_heap.o)
                0x60004e78                __check_heap_overflow
 .text.DMA0_IRQHandler
                0x60004e90        0x8 ./startup/startup_mimxrt1011.o
                0x60004e90                DMA0_IRQHandler
 .text.DMA1_IRQHandler
                0x60004e98        0x8 ./startup/startup_mimxrt1011.o
                0x60004e98                DMA1_IRQHandler
 .text.DMA2_IRQHandler
                0x60004ea0        0x8 ./startup/startup_mimxrt1011.o
                0x60004ea0                DMA2_IRQHandler
 .text.DMA3_IRQHandler
                0x60004ea8        0x8 ./startup/startup_mimxrt1011.o
                0x60004ea8                DMA3_IRQHandler
 .text.DMA4_IRQHandler
                0x60004eb0        0x8 ./startup/startup_mimxrt1011.o
                0x60004eb0                DMA4_IRQHandler
 .text.DMA5_IRQHandler
                0x60004eb8        0x8 ./startup/startup_mimxrt1011.o
                0x60004eb8                DMA5_IRQHandler
 .text.DMA6_IRQHandler
                0x60004ec0        0x8 ./startup/startup_mimxrt1011.o
                0x60004ec0                DMA6_IRQHandler
 .text.DMA7_IRQHandler
                0x60004ec8        0x8 ./startup/startup_mimxrt1011.o
                0x60004ec8                DMA7_IRQHandler
 .text.DMA8_IRQHandler
                0x60004ed0        0x8 ./startup/startup_mimxrt1011.o
                0x60004ed0                DMA8_IRQHandler
 .text.DMA9_IRQHandler
                0x60004ed8        0x8 ./startup/startup_mimxrt1011.o
                0x60004ed8                DMA9_IRQHandler
 .text.DMA10_IRQHandler
                0x60004ee0        0x8 ./startup/startup_mimxrt1011.o
                0x60004ee0                DMA10_IRQHandler
 .text.DMA11_IRQHandler
                0x60004ee8        0x8 ./startup/startup_mimxrt1011.o
                0x60004ee8                DMA11_IRQHandler
 .text.DMA12_IRQHandler
                0x60004ef0        0x8 ./startup/startup_mimxrt1011.o
                0x60004ef0                DMA12_IRQHandler
 .text.DMA13_IRQHandler
                0x60004ef8        0x8 ./startup/startup_mimxrt1011.o
                0x60004ef8                DMA13_IRQHandler
 .text.DMA14_IRQHandler
                0x60004f00        0x8 ./startup/startup_mimxrt1011.o
                0x60004f00                DMA14_IRQHandler
 .text.DMA15_IRQHandler
                0x60004f08        0x8 ./startup/startup_mimxrt1011.o
                0x60004f08                DMA15_IRQHandler
 .text.DMA_ERROR_IRQHandler
                0x60004f10        0x8 ./startup/startup_mimxrt1011.o
                0x60004f10                DMA_ERROR_IRQHandler
 .text.CTI0_ERROR_IRQHandler
                0x60004f18        0x8 ./startup/startup_mimxrt1011.o
                0x60004f18                CTI0_ERROR_IRQHandler
 .text.CTI1_ERROR_IRQHandler
                0x60004f20        0x8 ./startup/startup_mimxrt1011.o
                0x60004f20                CTI1_ERROR_IRQHandler
 .text.CORE_IRQHandler
                0x60004f28        0x8 ./startup/startup_mimxrt1011.o
                0x60004f28                CORE_IRQHandler
 .text.LPUART1_IRQHandler
                0x60004f30        0x8 ./startup/startup_mimxrt1011.o
                0x60004f30                LPUART1_IRQHandler
 .text.LPUART2_IRQHandler
                0x60004f38        0x8 ./startup/startup_mimxrt1011.o
                0x60004f38                LPUART2_IRQHandler
 .text.LPUART3_IRQHandler
                0x60004f40        0x8 ./startup/startup_mimxrt1011.o
                0x60004f40                LPUART3_IRQHandler
 .text.LPUART4_IRQHandler
                0x60004f48        0x8 ./startup/startup_mimxrt1011.o
                0x60004f48                LPUART4_IRQHandler
 .text.USB_OTG1_IRQHandler
                0x60004f50        0x8 ./startup/startup_mimxrt1011.o
                0x60004f50                USB_OTG1_IRQHandler
 .text.FLEXSPI_IRQHandler
                0x60004f58        0x8 ./startup/startup_mimxrt1011.o
                0x60004f58                FLEXSPI_IRQHandler
 .text.FLEXRAM_IRQHandler
                0x60004f60        0x8 ./startup/startup_mimxrt1011.o
                0x60004f60                FLEXRAM_IRQHandler
 .text.LPI2C1_IRQHandler
                0x60004f68        0x8 ./startup/startup_mimxrt1011.o
                0x60004f68                LPI2C1_IRQHandler
 .text.LPI2C2_IRQHandler
                0x60004f70        0x8 ./startup/startup_mimxrt1011.o
                0x60004f70                LPI2C2_IRQHandler
 .text.GPT1_IRQHandler
                0x60004f78        0x8 ./startup/startup_mimxrt1011.o
                0x60004f78                GPT1_IRQHandler
 .text.GPT2_IRQHandler
                0x60004f80        0x8 ./startup/startup_mimxrt1011.o
                0x60004f80                GPT2_IRQHandler
 .text.LPSPI1_IRQHandler
                0x60004f88        0x8 ./startup/startup_mimxrt1011.o
                0x60004f88                LPSPI1_IRQHandler
 .text.LPSPI2_IRQHandler
                0x60004f90        0x8 ./startup/startup_mimxrt1011.o
                0x60004f90                LPSPI2_IRQHandler
 .text.PWM1_0_IRQHandler
                0x60004f98        0x8 ./startup/startup_mimxrt1011.o
                0x60004f98                PWM1_0_IRQHandler
 .text.PWM1_1_IRQHandler
                0x60004fa0        0x8 ./startup/startup_mimxrt1011.o
                0x60004fa0                PWM1_1_IRQHandler
 .text.PWM1_2_IRQHandler
                0x60004fa8        0x8 ./startup/startup_mimxrt1011.o
                0x60004fa8                PWM1_2_IRQHandler
 .text.PWM1_3_IRQHandler
                0x60004fb0        0x8 ./startup/startup_mimxrt1011.o
                0x60004fb0                PWM1_3_IRQHandler
 .text.PWM1_FAULT_IRQHandler
                0x60004fb8        0x8 ./startup/startup_mimxrt1011.o
                0x60004fb8                PWM1_FAULT_IRQHandler
 .text.KPP_IRQHandler
                0x60004fc0        0x8 ./startup/startup_mimxrt1011.o
                0x60004fc0                KPP_IRQHandler
 .text.SRC_IRQHandler
                0x60004fc8        0x8 ./startup/startup_mimxrt1011.o
                0x60004fc8                SRC_IRQHandler
 .text.GPR_IRQ_IRQHandler
                0x60004fd0        0x8 ./startup/startup_mimxrt1011.o
                0x60004fd0                GPR_IRQ_IRQHandler
 .text.CCM_1_IRQHandler
                0x60004fd8        0x8 ./startup/startup_mimxrt1011.o
                0x60004fd8                CCM_1_IRQHandler
 .text.CCM_2_IRQHandler
                0x60004fe0        0x8 ./startup/startup_mimxrt1011.o
                0x60004fe0                CCM_2_IRQHandler
 .text.EWM_IRQHandler
                0x60004fe8        0x8 ./startup/startup_mimxrt1011.o
                0x60004fe8                EWM_IRQHandler
 .text.WDOG2_IRQHandler
                0x60004ff0        0x8 ./startup/startup_mimxrt1011.o
                0x60004ff0                WDOG2_IRQHandler
 .text.SNVS_HP_WRAPPER_IRQHandler
                0x60004ff8        0x8 ./startup/startup_mimxrt1011.o
                0x60004ff8                SNVS_HP_WRAPPER_IRQHandler
 .text.SNVS_HP_WRAPPER_TZ_IRQHandler
                0x60005000        0x8 ./startup/startup_mimxrt1011.o
                0x60005000                SNVS_HP_WRAPPER_TZ_IRQHandler
 .text.SNVS_LP_WRAPPER_IRQHandler
                0x60005008        0x8 ./startup/startup_mimxrt1011.o
                0x60005008                SNVS_LP_WRAPPER_IRQHandler
 .text.CSU_IRQHandler
                0x60005010        0x8 ./startup/startup_mimxrt1011.o
                0x60005010                CSU_IRQHandler
 .text.DCP_IRQHandler
                0x60005018        0x8 ./startup/startup_mimxrt1011.o
                0x60005018                DCP_IRQHandler
 .text.DCP_VMI_IRQHandler
                0x60005020        0x8 ./startup/startup_mimxrt1011.o
                0x60005020                DCP_VMI_IRQHandler
 .text.Reserved68_IRQHandler
                0x60005028        0x8 ./startup/startup_mimxrt1011.o
                0x60005028                Reserved68_IRQHandler
 .text.TRNG_IRQHandler
                0x60005030        0x8 ./startup/startup_mimxrt1011.o
                0x60005030                TRNG_IRQHandler
 .text.Reserved70_IRQHandler
                0x60005038        0x8 ./startup/startup_mimxrt1011.o
                0x60005038                Reserved70_IRQHandler
 .text.Reserved71_IRQHandler
                0x60005040        0x8 ./startup/startup_mimxrt1011.o
                0x60005040                Reserved71_IRQHandler
 .text.SAI1_IRQHandler
                0x60005048        0x8 ./startup/startup_mimxrt1011.o
                0x60005048                SAI1_IRQHandler
 .text.RTWDOG_IRQHandler
                0x60005050        0x8 ./startup/startup_mimxrt1011.o
                0x60005050                RTWDOG_IRQHandler
 .text.SAI3_RX_IRQHandler
                0x60005058        0x8 ./startup/startup_mimxrt1011.o
                0x60005058                SAI3_RX_IRQHandler
 .text.SAI3_TX_IRQHandler
                0x60005060        0x8 ./startup/startup_mimxrt1011.o
                0x60005060                SAI3_TX_IRQHandler
 .text.SPDIF_IRQHandler
                0x60005068        0x8 ./startup/startup_mimxrt1011.o
                0x60005068                SPDIF_IRQHandler
 .text.PMU_IRQHandler
                0x60005070        0x8 ./startup/startup_mimxrt1011.o
                0x60005070                PMU_IRQHandler
 .text.XBAR1_IRQ_0_1_2_3_IRQHandler
                0x60005078        0x8 ./startup/startup_mimxrt1011.o
                0x60005078                XBAR1_IRQ_0_1_2_3_IRQHandler
 .text.TEMP_LOW_HIGH_IRQHandler
                0x60005080        0x8 ./startup/startup_mimxrt1011.o
                0x60005080                TEMP_LOW_HIGH_IRQHandler
 .text.TEMP_PANIC_IRQHandler
                0x60005088        0x8 ./startup/startup_mimxrt1011.o
                0x60005088                TEMP_PANIC_IRQHandler
 .text.USB_PHY_IRQHandler
                0x60005090        0x8 ./startup/startup_mimxrt1011.o
                0x60005090                USB_PHY_IRQHandler
 .text.GPC_IRQHandler
                0x60005098        0x8 ./startup/startup_mimxrt1011.o
                0x60005098                GPC_IRQHandler
 .text.ADC1_IRQHandler
                0x600050a0        0x8 ./startup/startup_mimxrt1011.o
                0x600050a0                ADC1_IRQHandler
 .text.FLEXIO1_IRQHandler
                0x600050a8        0x8 ./startup/startup_mimxrt1011.o
                0x600050a8                FLEXIO1_IRQHandler
 .text.DCDC_IRQHandler
                0x600050b0        0x8 ./startup/startup_mimxrt1011.o
                0x600050b0                DCDC_IRQHandler
 .text.GPIO1_Combined_0_15_IRQHandler
                0x600050b8        0x8 ./startup/startup_mimxrt1011.o
                0x600050b8                GPIO1_Combined_0_15_IRQHandler
 .text.GPIO1_Combined_16_31_IRQHandler
                0x600050c0        0x8 ./startup/startup_mimxrt1011.o
                0x600050c0                GPIO1_Combined_16_31_IRQHandler
 .text.GPIO2_Combined_0_15_IRQHandler
                0x600050c8        0x8 ./startup/startup_mimxrt1011.o
                0x600050c8                GPIO2_Combined_0_15_IRQHandler
 .text.GPIO5_Combined_0_15_IRQHandler
                0x600050d0        0x8 ./startup/startup_mimxrt1011.o
                0x600050d0                GPIO5_Combined_0_15_IRQHandler
 .text.WDOG1_IRQHandler
                0x600050d8        0x8 ./startup/startup_mimxrt1011.o
                0x600050d8                WDOG1_IRQHandler
 .text.ADC_ETC_IRQ0_IRQHandler
                0x600050e0        0x8 ./startup/startup_mimxrt1011.o
                0x600050e0                ADC_ETC_IRQ0_IRQHandler
 .text.ADC_ETC_IRQ1_IRQHandler
                0x600050e8        0x8 ./startup/startup_mimxrt1011.o
                0x600050e8                ADC_ETC_IRQ1_IRQHandler
 .text.ADC_ETC_IRQ2_IRQHandler
                0x600050f0        0x8 ./startup/startup_mimxrt1011.o
                0x600050f0                ADC_ETC_IRQ2_IRQHandler
 .text.ADC_ETC_IRQ3_IRQHandler
                0x600050f8        0x8 ./startup/startup_mimxrt1011.o
                0x600050f8                ADC_ETC_IRQ3_IRQHandler
 .text.ADC_ETC_ERROR_IRQ_IRQHandler
                0x60005100        0x8 ./startup/startup_mimxrt1011.o
                0x60005100                ADC_ETC_ERROR_IRQ_IRQHandler
 .text.GPIO_PortSet
                0x60005108       0x1e ./source/Robomapper.o
 .text.GPIO_PortClear
                0x60005126       0x1e ./source/Robomapper.o
 .text.GPIO_PortToggle
                0x60005144       0x1e ./source/Robomapper.o
 .text.PIT_GetStatusFlags
                0x60005162       0x2a ./source/Robomapper.o
 .text.PIT_ClearStatusFlags
                0x6000518c       0x2a ./source/Robomapper.o
 .text.HardFault_Handler
                0x600051b6       0x2c ./source/semihost_hardfault.o
                0x600051b6                HardFault_Handler
 .text.CLOCK_IsPllBypassed
                0x600051e2       0x32 ./drivers/fsl_clock.o
 .text.CLOCK_IsPllEnabled
                0x60005214       0x3c ./drivers/fsl_clock.o
 .text.CLOCK_GetPllBypassRefClk
                0x60005250       0x34 ./drivers/fsl_clock.o
 .text.CLOCK_EnableClock
                0x60005284       0x1e ./drivers/fsl_gpio.o
 .text.GPIO_SetPinInterruptConfig
                0x600052a2       0x22 ./drivers/fsl_gpio.o
 .text.CLOCK_EnableClock
                0x600052c4       0x1e ./drivers/fsl_pit.o
 .text.DbgConsole_Init
                0x600052e2       0x20 ./board/board.o
 .text.BOARD_InitDebugConsole
                0x60005302       0x22 ./board/board.o
                0x60005302                BOARD_InitDebugConsole
 .text.CLOCK_DisableClock
                0x60005324       0x1e ./board/clock_config.o
 .text.CLOCK_SetPllBypass
                0x60005342       0x4e ./board/clock_config.o
 .text.IOMUXC_SetSaiMClkClockSource
                0x60005390       0x6c ./board/clock_config.o
 .text.BOARD_InitBootClocks
                0x600053fc        0xc ./board/clock_config.o
                0x600053fc                BOARD_InitBootClocks
 .text.EnableIRQ
                0x60005408       0x32 ./board/peripherals.o
 .text.PIT_EnableInterrupts
                0x6000543a       0x3a ./board/peripherals.o
 .text.PIT_StartTimer
                0x60005474       0x38 ./board/peripherals.o
 .text.BOARD_InitPeripherals
                0x600054ac        0xc ./board/peripherals.o
                0x600054ac                BOARD_InitPeripherals
 .text.BOARD_InitBootPeripherals
                0x600054b8        0xc ./board/peripherals.o
                0x600054b8                BOARD_InitBootPeripherals
 .text.CLOCK_EnableClock
                0x600054c4       0x1e ./board/pin_mux.o
 .text.IOMUXC_SetPinMux
                0x600054e2       0x3a ./board/pin_mux.o
 .text.BOARD_InitBootPins
                0x6000551c       0x10 ./board/pin_mux.o
                0x6000551c                BOARD_InitBootPins
 .text.__main   0x6000552c        0xe d:/nxp/mcuxpressoide_11.3.1_5262/ide/plugins/com.nxp.mcuxpresso.tools.win32_11.3.0.202008311133/tools/bin/../lib/gcc/arm-none-eabi/9.3.1/../../../../arm-none-eabi/lib/thumb/v7e-m+fp/hard\libcr_semihost_nf.a(_cr__main.o)
                0x6000552c                __CR_SEMIHOST
                0x6000552c                __main
 .text.memset   0x6000553a        0x4 d:/nxp/mcuxpressoide_11.3.1_5262/ide/plugins/com.nxp.mcuxpresso.tools.win32_11.3.0.202008311133/tools/bin/../lib/gcc/arm-none-eabi/9.3.1/../../../../arm-none-eabi/lib/thumb/v7e-m+fp/hard\libcr_c.a(memset.o)
                0x6000553a                memset
 .text._deferredlazyseek
                0x6000553e       0x40 d:/nxp/mcuxpressoide_11.3.1_5262/ide/plugins/com.nxp.mcuxpresso.tools.win32_11.3.0.202008311133/tools/bin/../lib/gcc/arm-none-eabi/9.3.1/../../../../arm-none-eabi/lib/thumb/v7e-m+fp/hard\libcr_c.a(_deferredlazyseek.o)
                0x6000553e                _deferredlazyseek
 .text.__flsbuf
                0x6000557e      0x140 d:/nxp/mcuxpressoide_11.3.1_5262/ide/plugins/com.nxp.mcuxpresso.tools.win32_11.3.0.202008311133/tools/bin/../lib/gcc/arm-none-eabi/9.3.1/../../../../arm-none-eabi/lib/thumb/v7e-m+fp/hard\libcr_c.a(_deferredlazyseek.o)
                0x6000557e                __flsbuf
 .text._fflush  0x600056be       0x52 d:/nxp/mcuxpressoide_11.3.1_5262/ide/plugins/com.nxp.mcuxpresso.tools.win32_11.3.0.202008311133/tools/bin/../lib/gcc/arm-none-eabi/9.3.1/../../../../arm-none-eabi/lib/thumb/v7e-m+fp/hard\libcr_c.a(_fflush.o)
                0x600056be                _fflush
 .text.free     0x60005710       0x30 d:/nxp/mcuxpressoide_11.3.1_5262/ide/plugins/com.nxp.mcuxpresso.tools.win32_11.3.0.202008311133/tools/bin/../lib/gcc/arm-none-eabi/9.3.1/../../../../arm-none-eabi/lib/thumb/v7e-m+fp/hard\libcr_c.a(alloc.o)
                0x60005710                free
 .text.fputs    0x60005740       0x2c d:/nxp/mcuxpressoide_11.3.1_5262/ide/plugins/com.nxp.mcuxpresso.tools.win32_11.3.0.202008311133/tools/bin/../lib/gcc/arm-none-eabi/9.3.1/../../../../arm-none-eabi/lib/thumb/v7e-m+fp/hard\libcr_c.a(fputs.o)
                0x60005740                fputs
 .text.no_fp_display
                0x6000576c        0x4 d:/nxp/mcuxpressoide_11.3.1_5262/ide/plugins/com.nxp.mcuxpresso.tools.win32_11.3.0.202008311133/tools/bin/../lib/gcc/arm-none-eabi/9.3.1/../../../../arm-none-eabi/lib/thumb/v7e-m+fp/hard\libcr_c.a(printf.o)
 .text.setvbuf  0x60005770       0x3e d:/nxp/mcuxpressoide_11.3.1_5262/ide/plugins/com.nxp.mcuxpresso.tools.win32_11.3.0.202008311133/tools/bin/../lib/gcc/arm-none-eabi/9.3.1/../../../../arm-none-eabi/lib/thumb/v7e-m+fp/hard\libcr_c.a(setvbuf.o)
                0x60005770                setvbuf
 .text.strlen   0x600057ae       0x4c d:/nxp/mcuxpressoide_11.3.1_5262/ide/plugins/com.nxp.mcuxpresso.tools.win32_11.3.0.202008311133/tools/bin/../lib/gcc/arm-none-eabi/9.3.1/../../../../arm-none-eabi/lib/thumb/v7e-m+fp/hard\libcr_c.a(strlen.o)
                0x600057ae                strlen
 .text._fdopen  0x600057fa       0x68 d:/nxp/mcuxpressoide_11.3.1_5262/ide/plugins/com.nxp.mcuxpresso.tools.win32_11.3.0.202008311133/tools/bin/../lib/gcc/arm-none-eabi/9.3.1/../../../../arm-none-eabi/lib/thumb/v7e-m+fp/hard\libcr_c.a(_fdopen.o)
                0x600057fa                _fdopen
 .text.fclose   0x60005862       0x58 d:/nxp/mcuxpressoide_11.3.1_5262/ide/plugins/com.nxp.mcuxpresso.tools.win32_11.3.0.202008311133/tools/bin/../lib/gcc/arm-none-eabi/9.3.1/../../../../arm-none-eabi/lib/thumb/v7e-m+fp/hard\libcr_c.a(fclose.o)
                0x60005862                fclose
 .text.remove   0x600058ba       0x14 d:/nxp/mcuxpressoide_11.3.1_5262/ide/plugins/com.nxp.mcuxpresso.tools.win32_11.3.0.202008311133/tools/bin/../lib/gcc/arm-none-eabi/9.3.1/../../../../arm-none-eabi/lib/thumb/v7e-m+fp/hard\libcr_c.a(remove.o)
                0x600058ba                remove
 .text._do_fflush
                0x600058ce       0x40 d:/nxp/mcuxpressoide_11.3.1_5262/ide/plugins/com.nxp.mcuxpresso.tools.win32_11.3.0.202008311133/tools/bin/../lib/gcc/arm-none-eabi/9.3.1/../../../../arm-none-eabi/lib/thumb/v7e-m+fp/hard\libcr_c.a(_do_fflush.o)
                0x600058ce                _do_fflush
 .text.__aeabi_division_uldivmod
                0x6000590e      0x174 d:/nxp/mcuxpressoide_11.3.1_5262/ide/plugins/com.nxp.mcuxpresso.tools.win32_11.3.0.202008311133/tools/bin/../lib/gcc/arm-none-eabi/9.3.1/thumb/v7e-m+fp/hard\libcr_eabihelpers.a(division_64.o)
                0x6000590e                __aeabi_uldivmod
                0x60005912                __bhs_ldivmod1
 .text.__aeabi_division_idiv0
                0x60005a82        0x2 d:/nxp/mcuxpressoide_11.3.1_5262/ide/plugins/com.nxp.mcuxpresso.tools.win32_11.3.0.202008311133/tools/bin/../lib/gcc/arm-none-eabi/9.3.1/thumb/v7e-m+fp/hard\libcr_eabihelpers.a(division_idiv0.o)
                0x60005a82                __aeabi_idiv0
 .text.__aeabi_memset_lowlevel
                0x60005a84       0x32 d:/nxp/mcuxpressoide_11.3.1_5262/ide/plugins/com.nxp.mcuxpresso.tools.win32_11.3.0.202008311133/tools/bin/../lib/gcc/arm-none-eabi/9.3.1/thumb/v7e-m+fp/hard\libcr_eabihelpers.a(memcpy.o)
                0x60005a84                __aeabi_lowlevel_memset
 .text.__sys_close
                0x60005ab6        0xc d:/nxp/mcuxpressoide_11.3.1_5262/ide/plugins/com.nxp.mcuxpresso.tools.win32_11.3.0.202008311133/tools/bin/../lib/gcc/arm-none-eabi/9.3.1/../../../../arm-none-eabi/lib/thumb/v7e-m+fp/hard\libcr_semihost_nf.a(__sys_close.o)
                0x60005ab6                __sys_close
 .text.__sys_flen
                0x60005ac2        0xc d:/nxp/mcuxpressoide_11.3.1_5262/ide/plugins/com.nxp.mcuxpresso.tools.win32_11.3.0.202008311133/tools/bin/../lib/gcc/arm-none-eabi/9.3.1/../../../../arm-none-eabi/lib/thumb/v7e-m+fp/hard\libcr_semihost_nf.a(__sys_flen.o)
                0x60005ac2                __sys_flen
 .text.__sys_istty
                0x60005ace        0xc d:/nxp/mcuxpressoide_11.3.1_5262/ide/plugins/com.nxp.mcuxpresso.tools.win32_11.3.0.202008311133/tools/bin/../lib/gcc/arm-none-eabi/9.3.1/../../../../arm-none-eabi/lib/thumb/v7e-m+fp/hard\libcr_semihost_nf.a(__sys_istty.o)
                0x60005ace                __sys_istty
 .text.__sys_remove
                0x60005ada        0xc d:/nxp/mcuxpressoide_11.3.1_5262/ide/plugins/com.nxp.mcuxpresso.tools.win32_11.3.0.202008311133/tools/bin/../lib/gcc/arm-none-eabi/9.3.1/../../../../arm-none-eabi/lib/thumb/v7e-m+fp/hard\libcr_semihost_nf.a(__sys_remove.o)
                0x60005ada                __sys_remove
 .text.__sys_seek
                0x60005ae6        0xc d:/nxp/mcuxpressoide_11.3.1_5262/ide/plugins/com.nxp.mcuxpresso.tools.win32_11.3.0.202008311133/tools/bin/../lib/gcc/arm-none-eabi/9.3.1/../../../../arm-none-eabi/lib/thumb/v7e-m+fp/hard\libcr_semihost_nf.a(__sys_seek.o)
                0x60005ae6                __sys_seek
 .text.__sys_tmpnam
                0x60005af2        0xc d:/nxp/mcuxpressoide_11.3.1_5262/ide/plugins/com.nxp.mcuxpresso.tools.win32_11.3.0.202008311133/tools/bin/../lib/gcc/arm-none-eabi/9.3.1/../../../../arm-none-eabi/lib/thumb/v7e-m+fp/hard\libcr_semihost_nf.a(__sys_tmpnam.o)
                0x60005af2                __sys_tmpnam
 .text.__sys_write
                0x60005afe        0xc d:/nxp/mcuxpressoide_11.3.1_5262/ide/plugins/com.nxp.mcuxpresso.tools.win32_11.3.0.202008311133/tools/bin/../lib/gcc/arm-none-eabi/9.3.1/../../../../arm-none-eabi/lib/thumb/v7e-m+fp/hard\libcr_semihost_nf.a(__sys_write.o)
                0x60005afe                __sys_write
 *(SORT_BY_ALIGNMENT(.rodata) SORT_BY_ALIGNMENT(.rodata.*) SORT_BY_ALIGNMENT(.constdata) SORT_BY_ALIGNMENT(.constdata.*))
 *fill*         0x60005b0a        0x2 ff
 .rodata.main.str1.4
                0x60005b0c        0xd ./source/Robomapper.o
 *fill*         0x60005b19        0x3 ff
 .rodata.CLOCK_InitExternalClk.str1.4
                0x60005b1c       0x22 ./drivers/fsl_clock.o
 *fill*         0x60005b3e        0x2 ff
 .rodata.CLOCK_ControlGate.str1.4
                0x60005b40       0x20 ./drivers/fsl_gpio.o
 .rodata.s_gpioBases
                0x60005b60       0x18 ./drivers/fsl_gpio.o
 .rodata.s_gpioClock
                0x60005b78        0xc ./drivers/fsl_gpio.o
 .rodata.GPIO_GetInstance.str1.4
                0x60005b84       0x34 ./drivers/fsl_gpio.o
 .rodata.GPIO_PinWrite.str1.4
                0x60005bb8       0x1c ./drivers/fsl_gpio.o
 .rodata.CLOCK_ControlGate.str1.4
                0x60005bd4       0x20 ./drivers/fsl_pit.o
 .rodata.PIT_GetInstance.str1.4
                0x60005bd4       0x32 ./drivers/fsl_pit.o
 *fill*         0x60005c06        0x2 ff
 .rodata.PIT_Init.str1.4
                0x60005c08       0x1f ./drivers/fsl_pit.o
 *fill*         0x60005c27        0x1 ff
 .rodata.BOARD_ConfigMPU.str1.4
                0x60005c28       0x6a ./board/board.o
 *fill*         0x60005c92        0x2 ff
 .rodata.CLOCK_SetMux.str1.4
                0x60005c94       0x59 ./board/clock_config.o
 *fill*         0x60005ced        0x3 ff
 .rodata.CLOCK_SetDiv.str1.4
                0x60005cf0       0x59 ./board/clock_config.o
 *fill*         0x60005d49        0x3 ff
 .rodata.CLOCK_ControlGate.str1.4
                0x60005d4c       0x48 ./board/clock_config.o
 .rodata.sysPllConfig_BOARD_BootClockRUN
                0x60005d94       0x14 ./board/clock_config.o
                0x60005d94                sysPllConfig_BOARD_BootClockRUN
 .rodata.enetPllConfig_BOARD_BootClockRUN
                0x60005da8        0x5 ./board/clock_config.o
                0x60005da8                enetPllConfig_BOARD_BootClockRUN
 *fill*         0x60005dad        0x3 ff
 .rodata.PIT_SetTimerPeriod.str1.4
                0x60005db0       0x45 ./board/peripherals.o
 *fill*         0x60005df5        0x3 ff
 .rodata.PIT_config
                0x60005df8        0x1 ./board/peripherals.o
                0x60005df8                PIT_config
 .rodata.CLOCK_ControlGate.str1.4
                0x60005df9       0x48 ./board/pin_mux.o
 *fill*         0x60005df9        0x3 ff
 .rodata.__num_Ciob_streams
                0x60005dfc        0x4 d:/nxp/mcuxpressoide_11.3.1_5262/ide/plugins/com.nxp.mcuxpresso.tools.win32_11.3.0.202008311133/tools/bin/../lib/gcc/arm-none-eabi/9.3.1/../../../../arm-none-eabi/lib/thumb/v7e-m+fp/hard\libcr_semihost_nf.a(__ciob.o)
                0x60005dfc                __num_Ciob_streams
 .rodata.__assertion_failed.str1.1
                0x60005e00       0x15 d:/nxp/mcuxpressoide_11.3.1_5262/ide/plugins/com.nxp.mcuxpresso.tools.win32_11.3.0.202008311133/tools/bin/../lib/gcc/arm-none-eabi/9.3.1/../../../../arm-none-eabi/lib/thumb/v7e-m+fp/hard\libcr_semihost_nf.a(_cr_assert.o)
 .rodata._Csys_alloc.str1.1
                0x60005e15       0x18 d:/nxp/mcuxpressoide_11.3.1_5262/ide/plugins/com.nxp.mcuxpresso.tools.win32_11.3.0.202008311133/tools/bin/../lib/gcc/arm-none-eabi/9.3.1/../../../../arm-none-eabi/lib/thumb/v7e-m+fp/hard\libcr_c.a(alloc.o)
 .rodata._initio.str1.1
                0x60005e2d        0x4 d:/nxp/mcuxpressoide_11.3.1_5262/ide/plugins/com.nxp.mcuxpresso.tools.win32_11.3.0.202008311133/tools/bin/../lib/gcc/arm-none-eabi/9.3.1/../../../../arm-none-eabi/lib/thumb/v7e-m+fp/hard\libcr_c.a(initio.o)
 .rodata.__vfprintf.str1.1
                0x60005e31       0x35 d:/nxp/mcuxpressoide_11.3.1_5262/ide/plugins/com.nxp.mcuxpresso.tools.win32_11.3.0.202008311133/tools/bin/../lib/gcc/arm-none-eabi/9.3.1/../../../../arm-none-eabi/lib/thumb/v7e-m+fp/hard\libcr_c.a(printf.o)
                                 0x38 (size before relaxing)
                0x60005e68                . = ALIGN (0x4)
 *fill*         0x60005e66        0x2 ff

.glue_7         0x60005e68        0x0
 .glue_7        0x60005e68        0x0 linker stubs

.glue_7t        0x60005e68        0x0
 .glue_7t       0x60005e68        0x0 linker stubs

.vfp11_veneer   0x60005e68        0x0
 .vfp11_veneer  0x60005e68        0x0 linker stubs

.v4_bx          0x60005e68        0x0
 .v4_bx         0x60005e68        0x0 linker stubs

.iplt           0x60005e68        0x0
 .iplt          0x60005e68        0x0 ./xip/evkmimxrt1010_flexspi_nor_config.o

.rel.dyn        0x60005e68        0x0
 .rel.iplt      0x60005e68        0x0 ./xip/evkmimxrt1010_flexspi_nor_config.o

.ARM.extab
 *(SORT_BY_ALIGNMENT(.ARM.extab*) SORT_BY_ALIGNMENT(.gnu.linkonce.armextab.*))

.ARM.exidx      0x60005e68        0x0
                0x60005e68                __exidx_start = .
 *(SORT_BY_ALIGNMENT(.ARM.exidx*) SORT_BY_ALIGNMENT(.gnu.linkonce.armexidx.*))
                0x60005e68                __exidx_end = .
                0x60005e68                _etext = .

.data_RAM2      0x00000000        0x0 load address 0x60005e68
 FILL mask 0xff
                [!provide]                PROVIDE (__start_data_RAM2 = .)
                [!provide]                PROVIDE (__start_data_SRAM_ITC = .)
 *(SORT_BY_ALIGNMENT(.ramfunc.$RAM2))
 *(SORT_BY_ALIGNMENT(.ramfunc.$SRAM_ITC))
 *(SORT_BY_ALIGNMENT(.data.$RAM2))
 *(SORT_BY_ALIGNMENT(.data.$SRAM_ITC))
 *(SORT_BY_ALIGNMENT(.data.$RAM2.*))
 *(SORT_BY_ALIGNMENT(.data.$SRAM_ITC.*))
                0x00000000                . = ALIGN (0x4)
                [!provide]                PROVIDE (__end_data_RAM2 = .)
                [!provide]                PROVIDE (__end_data_SRAM_ITC = .)

.data_RAM3      0x20200000        0x0 load address 0x60005e68
 FILL mask 0xff
                [!provide]                PROVIDE (__start_data_RAM3 = .)
                [!provide]                PROVIDE (__start_data_SRAM_OC = .)
 *(SORT_BY_ALIGNMENT(.ramfunc.$RAM3))
 *(SORT_BY_ALIGNMENT(.ramfunc.$SRAM_OC))
 *(SORT_BY_ALIGNMENT(.data.$RAM3))
 *(SORT_BY_ALIGNMENT(.data.$SRAM_OC))
 *(SORT_BY_ALIGNMENT(.data.$RAM3.*))
 *(SORT_BY_ALIGNMENT(.data.$SRAM_OC.*))
                0x20200000                . = ALIGN (0x4)
                [!provide]                PROVIDE (__end_data_RAM3 = .)
                [!provide]                PROVIDE (__end_data_SRAM_OC = .)

.data_RAM4      0x20208000        0x0 load address 0x60005e68
 FILL mask 0xff
                [!provide]                PROVIDE (__start_data_RAM4 = .)
                [!provide]                PROVIDE (__start_data_NCACHE_REGION = .)
 *(SORT_BY_ALIGNMENT(.ramfunc.$RAM4))
 *(SORT_BY_ALIGNMENT(.ramfunc.$NCACHE_REGION))
 *(SORT_BY_ALIGNMENT(.data.$RAM4))
 *(SORT_BY_ALIGNMENT(.data.$NCACHE_REGION))
 *(SORT_BY_ALIGNMENT(.data.$RAM4.*))
 *(SORT_BY_ALIGNMENT(.data.$NCACHE_REGION.*))
                0x20208000                . = ALIGN (0x4)
                [!provide]                PROVIDE (__end_data_RAM4 = .)
                [!provide]                PROVIDE (__end_data_NCACHE_REGION = .)

.uninit_RESERVED
                0x20000000        0x0
                0x20000000                _start_uninit_RESERVED = .
 *(SORT_BY_ALIGNMENT(.bss.$RESERVED*))
                0x20000000                . = ALIGN (0x4)
                0x20000000                _end_uninit_RESERVED = .

.data           0x20000000        0x4 load address 0x60005e68
 FILL mask 0xff
                0x20000000                _data = .
                [!provide]                PROVIDE (__start_data_RAM = .)
                [!provide]                PROVIDE (__start_data_SRAM_DTC = .)
 *(SORT_BY_ALIGNMENT(vtable))
 *(SORT_BY_ALIGNMENT(.ramfunc*))
 *(SORT_BY_ALIGNMENT(CodeQuickAccess))
 *(SORT_BY_ALIGNMENT(DataQuickAccess))
 *(SORT_BY_ALIGNMENT(RamFunction))
 *(SORT_BY_ALIGNMENT(.data*))
 .data.SystemCoreClock
                0x20000000        0x4 ./device/system_MIMXRT1011.o
                0x20000000                SystemCoreClock
                0x20000004                . = ALIGN (0x4)
                0x20000004                _edata = .
                [!provide]                PROVIDE (__end_data_RAM = .)
                [!provide]                PROVIDE (__end_data_SRAM_DTC = .)

.igot.plt       0x20000004        0x0 load address 0x60005e6c
 .igot.plt      0x20000004        0x0 ./xip/evkmimxrt1010_flexspi_nor_config.o

.bss_RAM2       0x00000000        0x0
                [!provide]                PROVIDE (__start_bss_RAM2 = .)
                [!provide]                PROVIDE (__start_bss_SRAM_ITC = .)
 *(SORT_BY_ALIGNMENT(.bss.$RAM2))
 *(SORT_BY_ALIGNMENT(.bss.$SRAM_ITC))
 *(SORT_BY_ALIGNMENT(.bss.$RAM2.*))
 *(SORT_BY_ALIGNMENT(.bss.$SRAM_ITC.*))
                0x00000000                . = ALIGN ((. != 0x0)?0x4:0x1)
                [!provide]                PROVIDE (__end_bss_RAM2 = .)
                [!provide]                PROVIDE (__end_bss_SRAM_ITC = .)

.bss_RAM3       0x20200000        0x0
                [!provide]                PROVIDE (__start_bss_RAM3 = .)
                [!provide]                PROVIDE (__start_bss_SRAM_OC = .)
 *(SORT_BY_ALIGNMENT(.bss.$RAM3))
 *(SORT_BY_ALIGNMENT(.bss.$SRAM_OC))
 *(SORT_BY_ALIGNMENT(.bss.$RAM3.*))
 *(SORT_BY_ALIGNMENT(.bss.$SRAM_OC.*))
                0x20200000                . = ALIGN ((. != 0x0)?0x4:0x1)
                [!provide]                PROVIDE (__end_bss_RAM3 = .)
                [!provide]                PROVIDE (__end_bss_SRAM_OC = .)

.bss_RAM4       0x20208000        0x0
                [!provide]                PROVIDE (__start_bss_RAM4 = .)
                [!provide]                PROVIDE (__start_bss_NCACHE_REGION = .)
 *(SORT_BY_ALIGNMENT(.bss.$RAM4))
 *(SORT_BY_ALIGNMENT(.bss.$NCACHE_REGION))
 *(SORT_BY_ALIGNMENT(.bss.$RAM4.*))
 *(SORT_BY_ALIGNMENT(.bss.$NCACHE_REGION.*))
                0x20208000                . = ALIGN ((. != 0x0)?0x4:0x1)
                [!provide]                PROVIDE (__end_bss_RAM4 = .)
                [!provide]                PROVIDE (__end_bss_NCACHE_REGION = .)

.bss            0x20000004       0xe4
                0x20000004                _bss = .
                [!provide]                PROVIDE (__start_bss_RAM = .)
                [!provide]                PROVIDE (__start_bss_SRAM_DTC = .)
 *(SORT_BY_ALIGNMENT(.bss*))
 .bss.tick_half_seconds_cnt
                0x20000004        0x4 ./source/Robomapper.o
                0x20000004                tick_half_seconds_cnt
 .bss.g_xtalFreq
                0x20000008        0x4 ./drivers/fsl_clock.o
                0x20000008                g_xtalFreq
 .bss.g_rtcXtalFreq
                0x2000000c        0x4 ./drivers/fsl_clock.o
                0x2000000c                g_rtcXtalFreq
 .bss.s_lpuartHandle
                0x20000010       0x14 ./drivers/fsl_lpuart.o
 .bss.s_lpuartIsr
                0x20000024        0x4 ./drivers/fsl_lpuart.o
 .bss.__Ciob    0x20000028       0xb4 d:/nxp/mcuxpressoide_11.3.1_5262/ide/plugins/com.nxp.mcuxpresso.tools.win32_11.3.0.202008311133/tools/bin/../lib/gcc/arm-none-eabi/9.3.1/../../../../arm-none-eabi/lib/thumb/v7e-m+fp/hard\libcr_semihost_nf.a(__ciob.o)
                0x20000028                __Ciob
 .bss.errno     0x200000dc        0x4 d:/nxp/mcuxpressoide_11.3.1_5262/ide/plugins/com.nxp.mcuxpresso.tools.win32_11.3.0.202008311133/tools/bin/../lib/gcc/arm-none-eabi/9.3.1/../../../../arm-none-eabi/lib/thumb/v7e-m+fp/hard\libcr_c.a(errno.o)
                0x200000dc                errno
 .bss.__end_of_heap
                0x200000e0        0x4 d:/nxp/mcuxpressoide_11.3.1_5262/ide/plugins/com.nxp.mcuxpresso.tools.win32_11.3.0.202008311133/tools/bin/../lib/gcc/arm-none-eabi/9.3.1/../../../../arm-none-eabi/lib/thumb/v7e-m+fp/hard\libcr_c.a(__init_alloc.o)
                0x200000e0                __end_of_heap
 .bss.__heaps   0x200000e4        0x4 d:/nxp/mcuxpressoide_11.3.1_5262/ide/plugins/com.nxp.mcuxpresso.tools.win32_11.3.0.202008311133/tools/bin/../lib/gcc/arm-none-eabi/9.3.1/../../../../arm-none-eabi/lib/thumb/v7e-m+fp/hard\libcr_c.a(__init_alloc.o)
                0x200000e4                __heaps
 *(SORT_BY_ALIGNMENT(COMMON))
                0x200000e8                . = ALIGN (0x4)
                0x200000e8                _ebss = .
                [!provide]                PROVIDE (__end_bss_RAM = .)
                [!provide]                PROVIDE (__end_bss_SRAM_DTC = .)
                [!provide]                PROVIDE (end = .)

.noinit_RAM2    0x00000000        0x0
                [!provide]                PROVIDE (__start_noinit_RAM2 = .)
                [!provide]                PROVIDE (__start_noinit_SRAM_ITC = .)
 *(SORT_BY_ALIGNMENT(.noinit.$RAM2))
 *(SORT_BY_ALIGNMENT(.noinit.$SRAM_ITC))
 *(SORT_BY_ALIGNMENT(.noinit.$RAM2.*))
 *(SORT_BY_ALIGNMENT(.noinit.$SRAM_ITC.*))
                0x00000000                . = ALIGN (0x4)
                [!provide]                PROVIDE (__end_noinit_RAM2 = .)
                [!provide]                PROVIDE (__end_noinit_SRAM_ITC = .)

.noinit_RAM3    0x20200000        0x0
                [!provide]                PROVIDE (__start_noinit_RAM3 = .)
                [!provide]                PROVIDE (__start_noinit_SRAM_OC = .)
 *(SORT_BY_ALIGNMENT(.noinit.$RAM3))
 *(SORT_BY_ALIGNMENT(.noinit.$SRAM_OC))
 *(SORT_BY_ALIGNMENT(.noinit.$RAM3.*))
 *(SORT_BY_ALIGNMENT(.noinit.$SRAM_OC.*))
                0x20200000                . = ALIGN (0x4)
                [!provide]                PROVIDE (__end_noinit_RAM3 = .)
                [!provide]                PROVIDE (__end_noinit_SRAM_OC = .)

.noinit_RAM4    0x20208000        0x0
                [!provide]                PROVIDE (__start_noinit_RAM4 = .)
                [!provide]                PROVIDE (__start_noinit_NCACHE_REGION = .)
 *(SORT_BY_ALIGNMENT(.noinit.$RAM4))
 *(SORT_BY_ALIGNMENT(.noinit.$NCACHE_REGION))
 *(SORT_BY_ALIGNMENT(.noinit.$RAM4.*))
 *(SORT_BY_ALIGNMENT(.noinit.$NCACHE_REGION.*))
                0x20208000                . = ALIGN (0x4)
                [!provide]                PROVIDE (__end_noinit_RAM4 = .)
                [!provide]                PROVIDE (__end_noinit_NCACHE_REGION = .)

.noinit         0x200000e8        0x0
                0x200000e8                _noinit = .
                [!provide]                PROVIDE (__start_noinit_RAM = .)
                [!provide]                PROVIDE (__start_noinit_SRAM_DTC = .)
 *(SORT_BY_ALIGNMENT(.noinit*))
                0x200000e8                . = ALIGN (0x4)
                0x200000e8                _end_noinit = .
                [!provide]                PROVIDE (__end_noinit_RAM = .)
                [!provide]                PROVIDE (__end_noinit_SRAM_DTC = .)
                0x00000800                _HeapSize = 0x800

.heap           0x200000e8      0x800
                0x200000e8                _pvHeapStart = .
                0x200008e8                . = (. + _HeapSize)
 *fill*         0x200000e8      0x800 
                0x200008e8                . = ALIGN (0x4)
                0x200008e8                _pvHeapLimit = .
                0x00000800                _StackSize = 0x800

.heap2stackfill
                0x200008e8      0x800
                0x200010e8                . = (. + _StackSize)
 *fill*         0x200008e8      0x800 

.stack          0x20007800        0x0
                0x20007800                _vStackBase = .
                0x20007800                . = ALIGN (0x4)
                0x20008000                _vStackTop = (. + _StackSize)
                0x60002000                _image_start = LOADADDR (.text)
                0x60005e6c                _image_end = (LOADADDR (.data) + SIZEOF (.data))
                0x00003e6c                _image_size = (_image_end - _image_start)
OUTPUT(Robomapper.axf elf32-littlearm)
LOAD linker stubs

.debug_info     0x00000000     0xc0f6
 .debug_info    0x00000000      0x812 ./xip/evkmimxrt1010_flexspi_nor_config.o
 .debug_info    0x00000812      0x5fb ./xip/fsl_flexspi_nor_boot.o
 .debug_info    0x00000e0d      0x867 ./startup/startup_mimxrt1011.o
 .debug_info    0x00001674      0xa0c ./source/Robomapper.o
 .debug_info    0x00002080       0x3c ./source/semihost_hardfault.o
 .debug_info    0x000020bc     0x206e ./drivers/fsl_clock.o
 .debug_info    0x0000412a      0xb7e ./drivers/fsl_gpio.o
 .debug_info    0x00004ca8     0x1f85 ./drivers/fsl_lpuart.o
 .debug_info    0x00006c2d      0xabd ./drivers/fsl_pit.o
 .debug_info    0x000076ea      0xc86 ./device/system_MIMXRT1011.o
 .debug_info    0x00008370     0x149b ./board/board.o
 .debug_info    0x0000980b     0x14de ./board/clock_config.o
 .debug_info    0x0000ace9      0xa27 ./board/peripherals.o
 .debug_info    0x0000b710      0x9e6 ./board/pin_mux.o

.debug_abbrev   0x00000000     0x1c5c
 .debug_abbrev  0x00000000      0x14c ./xip/evkmimxrt1010_flexspi_nor_config.o
 .debug_abbrev  0x0000014c      0x13f ./xip/fsl_flexspi_nor_boot.o
 .debug_abbrev  0x0000028b      0x147 ./startup/startup_mimxrt1011.o
 .debug_abbrev  0x000003d2      0x21f ./source/Robomapper.o
 .debug_abbrev  0x000005f1       0x31 ./source/semihost_hardfault.o
 .debug_abbrev  0x00000622      0x30a ./drivers/fsl_clock.o
 .debug_abbrev  0x0000092c      0x255 ./drivers/fsl_gpio.o
 .debug_abbrev  0x00000b81      0x354 ./drivers/fsl_lpuart.o
 .debug_abbrev  0x00000ed5      0x23d ./drivers/fsl_pit.o
 .debug_abbrev  0x00001112      0x1be ./device/system_MIMXRT1011.o
 .debug_abbrev  0x000012d0      0x325 ./board/board.o
 .debug_abbrev  0x000015f5      0x218 ./board/clock_config.o
 .debug_abbrev  0x0000180d      0x263 ./board/peripherals.o
 .debug_abbrev  0x00001a70      0x1ec ./board/pin_mux.o

.debug_aranges  0x00000000      0x8a0
 .debug_aranges
                0x00000000       0x18 ./xip/evkmimxrt1010_flexspi_nor_config.o
 .debug_aranges
                0x00000018       0x18 ./xip/fsl_flexspi_nor_boot.o
 .debug_aranges
                0x00000030      0x300 ./startup/startup_mimxrt1011.o
 .debug_aranges
                0x00000330       0x50 ./source/Robomapper.o
 .debug_aranges
                0x00000380       0x20 ./source/semihost_hardfault.o
 .debug_aranges
                0x000003a0      0x160 ./drivers/fsl_clock.o
 .debug_aranges
                0x00000500       0x50 ./drivers/fsl_gpio.o
 .debug_aranges
                0x00000550      0x150 ./drivers/fsl_lpuart.o
 .debug_aranges
                0x000006a0       0x50 ./drivers/fsl_pit.o
 .debug_aranges
                0x000006f0       0x30 ./device/system_MIMXRT1011.o
 .debug_aranges
                0x00000720       0x68 ./board/board.o
 .debug_aranges
                0x00000788       0x70 ./board/clock_config.o
 .debug_aranges
                0x000007f8       0x58 ./board/peripherals.o
 .debug_aranges
                0x00000850       0x50 ./board/pin_mux.o

.debug_macro    0x00000000    0x1e592
 .debug_macro   0x00000000      0x12c ./xip/evkmimxrt1010_flexspi_nor_config.o
 .debug_macro   0x0000012c      0xaf0 ./xip/evkmimxrt1010_flexspi_nor_config.o
 .debug_macro   0x00000c1c       0x10 ./xip/evkmimxrt1010_flexspi_nor_config.o
 .debug_macro   0x00000c2c      0x12e ./xip/evkmimxrt1010_flexspi_nor_config.o
 .debug_macro   0x00000d5a      0x5b3 ./xip/evkmimxrt1010_flexspi_nor_config.o
 .debug_macro   0x0000130d       0x22 ./xip/evkmimxrt1010_flexspi_nor_config.o
 .debug_macro   0x0000132f       0x16 ./xip/evkmimxrt1010_flexspi_nor_config.o
 .debug_macro   0x00001345       0x22 ./xip/evkmimxrt1010_flexspi_nor_config.o
 .debug_macro   0x00001367       0x10 ./xip/evkmimxrt1010_flexspi_nor_config.o
 .debug_macro   0x00001377       0x4d ./xip/evkmimxrt1010_flexspi_nor_config.o
 .debug_macro   0x000013c4       0x1c ./xip/evkmimxrt1010_flexspi_nor_config.o
 .debug_macro   0x000013e0       0x22 ./xip/evkmimxrt1010_flexspi_nor_config.o
 .debug_macro   0x00001402      0x101 ./xip/evkmimxrt1010_flexspi_nor_config.o
 .debug_macro   0x00001503     0x1305 ./xip/evkmimxrt1010_flexspi_nor_config.o
 .debug_macro   0x00002808      0x11f ./xip/evkmimxrt1010_flexspi_nor_config.o
 .debug_macro   0x00002927       0x27 ./xip/evkmimxrt1010_flexspi_nor_config.o
 .debug_macro   0x0000294e       0x1c ./xip/evkmimxrt1010_flexspi_nor_config.o
 .debug_macro   0x0000296a    0x19689 ./xip/evkmimxrt1010_flexspi_nor_config.o
 .debug_macro   0x0001bff3      0x5b0 ./xip/evkmimxrt1010_flexspi_nor_config.o
 .debug_macro   0x0001c5a3      0x116 ./xip/evkmimxrt1010_flexspi_nor_config.o
 .debug_macro   0x0001c6b9      0x1b6 ./xip/evkmimxrt1010_flexspi_nor_config.o
 .debug_macro   0x0001c86f      0x1a4 ./xip/evkmimxrt1010_flexspi_nor_config.o
 .debug_macro   0x0001ca13      0x153 ./xip/fsl_flexspi_nor_boot.o
 .debug_macro   0x0001cb66       0xca ./xip/fsl_flexspi_nor_boot.o
 .debug_macro   0x0001cc30       0x10 ./xip/fsl_flexspi_nor_boot.o
 .debug_macro   0x0001cc40      0x15a ./xip/fsl_flexspi_nor_boot.o
 .debug_macro   0x0001cd9a       0x7c ./xip/fsl_flexspi_nor_boot.o
 .debug_macro   0x0001ce16       0x29 ./startup/startup_mimxrt1011.o
 .debug_macro   0x0001ce3f      0x1df ./source/Robomapper.o
 .debug_macro   0x0001d01e       0xd8 ./source/Robomapper.o
 .debug_macro   0x0001d0f6       0x10 ./source/Robomapper.o
 .debug_macro   0x0001d106       0x3a ./source/Robomapper.o
 .debug_macro   0x0001d140       0xca ./source/Robomapper.o
 .debug_macro   0x0001d20a       0x2e ./source/Robomapper.o
 .debug_macro   0x0001d238       0x11 ./source/semihost_hardfault.o
 .debug_macro   0x0001d249      0x117 ./drivers/fsl_clock.o
 .debug_macro   0x0001d360       0x1c ./drivers/fsl_clock.o
 .debug_macro   0x0001d37c      0x127 ./drivers/fsl_gpio.o
 .debug_macro   0x0001d4a3      0x126 ./drivers/fsl_lpuart.o
 .debug_macro   0x0001d5c9       0x10 ./drivers/fsl_lpuart.o
 .debug_macro   0x0001d5d9      0x127 ./drivers/fsl_pit.o
 .debug_macro   0x0001d700       0xa7 ./device/system_MIMXRT1011.o
 .debug_macro   0x0001d7a7      0x188 ./board/board.o
 .debug_macro   0x0001d92f       0x16 ./board/board.o
 .debug_macro   0x0001d945       0xd0 ./board/board.o
 .debug_macro   0x0001da15      0x7ff ./board/board.o
 .debug_macro   0x0001e214      0x129 ./board/clock_config.o
 .debug_macro   0x0001e33d      0x129 ./board/peripherals.o
 .debug_macro   0x0001e466      0x12c ./board/pin_mux.o

.debug_line     0x00000000     0x5961
 .debug_line    0x00000000      0x321 ./xip/evkmimxrt1010_flexspi_nor_config.o
 .debug_line    0x00000321      0x35b ./xip/fsl_flexspi_nor_boot.o
 .debug_line    0x0000067c      0x882 ./startup/startup_mimxrt1011.o
 .debug_line    0x00000efe      0x621 ./source/Robomapper.o
 .debug_line    0x0000151f       0x59 ./source/semihost_hardfault.o
 .debug_line    0x00001578      0xdca ./drivers/fsl_clock.o
 .debug_line    0x00002342      0x4b3 ./drivers/fsl_gpio.o
 .debug_line    0x000027f5     0x1205 ./drivers/fsl_lpuart.o
 .debug_line    0x000039fa      0x422 ./drivers/fsl_pit.o
 .debug_line    0x00003e1c      0x4ba ./device/system_MIMXRT1011.o
 .debug_line    0x000042d6      0x82a ./board/board.o
 .debug_line    0x00004b00      0x615 ./board/clock_config.o
 .debug_line    0x00005115      0x40e ./board/peripherals.o
 .debug_line    0x00005523      0x43e ./board/pin_mux.o

.debug_str      0x00000000    0xf2b3a
 .debug_str     0x00000000    0xe68ed ./xip/evkmimxrt1010_flexspi_nor_config.o
                              0xe6984 (size before relaxing)
 .debug_str     0x000e68ed     0x14ee ./xip/fsl_flexspi_nor_boot.o
                              0xe7196 (size before relaxing)
 .debug_str     0x000e7ddb      0x7db ./startup/startup_mimxrt1011.o
                               0x36ea (size before relaxing)
 .debug_str     0x000e85b6     0x1877 ./source/Robomapper.o
                              0xe868e (size before relaxing)
 .debug_str     0x000e9e2d       0x1f ./source/semihost_hardfault.o
                               0x2ece (size before relaxing)
 .debug_str     0x000e9e4c     0x1464 ./drivers/fsl_clock.o
                              0xe72db (size before relaxing)
 .debug_str     0x000eb2b0      0x5e8 ./drivers/fsl_gpio.o
                              0xe63fd (size before relaxing)
 .debug_str     0x000eb898     0x15ff ./drivers/fsl_lpuart.o
                              0xe788b (size before relaxing)
 .debug_str     0x000ece97       0xa0 ./drivers/fsl_pit.o
                              0xe62c4 (size before relaxing)
 .debug_str     0x000ecf37      0x1fe ./device/system_MIMXRT1011.o
                              0xe3825 (size before relaxing)
 .debug_str     0x000ed135     0x55d0 ./board/board.o
                              0xecef3 (size before relaxing)
 .debug_str     0x000f2705      0x284 ./board/clock_config.o
                              0xec42b (size before relaxing)
 .debug_str     0x000f2989       0xb7 ./board/peripherals.o
                              0xe6526 (size before relaxing)
 .debug_str     0x000f2a40       0xfa ./board/pin_mux.o
                              0xeb526 (size before relaxing)

.comment        0x00000000       0x4c
 .comment       0x00000000       0x4c ./xip/evkmimxrt1010_flexspi_nor_config.o
                                 0x4d (size before relaxing)
 .comment       0x0000004c       0x4d ./xip/fsl_flexspi_nor_boot.o
 .comment       0x0000004c       0x4d ./startup/startup_mimxrt1011.o
 .comment       0x0000004c       0x4d ./source/Robomapper.o
 .comment       0x0000004c       0x4d ./source/semihost_hardfault.o
 .comment       0x0000004c       0x4d ./drivers/fsl_clock.o
 .comment       0x0000004c       0x4d ./drivers/fsl_gpio.o
 .comment       0x0000004c       0x4d ./drivers/fsl_lpuart.o
 .comment       0x0000004c       0x4d ./drivers/fsl_pit.o
 .comment       0x0000004c       0x4d ./device/system_MIMXRT1011.o
 .comment       0x0000004c       0x4d ./board/board.o
 .comment       0x0000004c       0x4d ./board/clock_config.o
 .comment       0x0000004c       0x4d ./board/peripherals.o
 .comment       0x0000004c       0x4d ./board/pin_mux.o
 .comment       0x0000004c       0x4d d:/nxp/mcuxpressoide_11.3.1_5262/ide/plugins/com.nxp.mcuxpresso.tools.win32_11.3.0.202008311133/tools/bin/../lib/gcc/arm-none-eabi/9.3.1/../../../../arm-none-eabi/lib/thumb/v7e-m+fp/hard\libcr_semihost_nf.a(_cr__main.o)
 .comment       0x0000004c       0x4d d:/nxp/mcuxpressoide_11.3.1_5262/ide/plugins/com.nxp.mcuxpresso.tools.win32_11.3.0.202008311133/tools/bin/../lib/gcc/arm-none-eabi/9.3.1/../../../../arm-none-eabi/lib/thumb/v7e-m+fp/hard\libcr_semihost_nf.a(_cr_assert.o)
 .comment       0x0000004c       0x4d d:/nxp/mcuxpressoide_11.3.1_5262/ide/plugins/com.nxp.mcuxpresso.tools.win32_11.3.0.202008311133/tools/bin/../lib/gcc/arm-none-eabi/9.3.1/../../../../arm-none-eabi/lib/thumb/v7e-m+fp/hard\libcr_semihost_nf.a(__ciob.o)
 .comment       0x0000004c       0x4d d:/nxp/mcuxpressoide_11.3.1_5262/ide/plugins/com.nxp.mcuxpresso.tools.win32_11.3.0.202008311133/tools/bin/../lib/gcc/arm-none-eabi/9.3.1/../../../../arm-none-eabi/lib/thumb/v7e-m+fp/hard\libcr_c.a(memset.o)
 .comment       0x0000004c       0x4d d:/nxp/mcuxpressoide_11.3.1_5262/ide/plugins/com.nxp.mcuxpresso.tools.win32_11.3.0.202008311133/tools/bin/../lib/gcc/arm-none-eabi/9.3.1/../../../../arm-none-eabi/lib/thumb/v7e-m+fp/hard\libcr_c.a(_deferredlazyseek.o)
 .comment       0x0000004c       0x4d d:/nxp/mcuxpressoide_11.3.1_5262/ide/plugins/com.nxp.mcuxpresso.tools.win32_11.3.0.202008311133/tools/bin/../lib/gcc/arm-none-eabi/9.3.1/../../../../arm-none-eabi/lib/thumb/v7e-m+fp/hard\libcr_c.a(_fflush.o)
 .comment       0x0000004c       0x4d d:/nxp/mcuxpressoide_11.3.1_5262/ide/plugins/com.nxp.mcuxpresso.tools.win32_11.3.0.202008311133/tools/bin/../lib/gcc/arm-none-eabi/9.3.1/../../../../arm-none-eabi/lib/thumb/v7e-m+fp/hard\libcr_c.a(_writebuf.o)
 .comment       0x0000004c       0x4d d:/nxp/mcuxpressoide_11.3.1_5262/ide/plugins/com.nxp.mcuxpresso.tools.win32_11.3.0.202008311133/tools/bin/../lib/gcc/arm-none-eabi/9.3.1/../../../../arm-none-eabi/lib/thumb/v7e-m+fp/hard\libcr_c.a(alloc.o)
 .comment       0x0000004c       0x4d d:/nxp/mcuxpressoide_11.3.1_5262/ide/plugins/com.nxp.mcuxpresso.tools.win32_11.3.0.202008311133/tools/bin/../lib/gcc/arm-none-eabi/9.3.1/../../../../arm-none-eabi/lib/thumb/v7e-m+fp/hard\libcr_c.a(errno.o)
 .comment       0x0000004c       0x4d d:/nxp/mcuxpressoide_11.3.1_5262/ide/plugins/com.nxp.mcuxpresso.tools.win32_11.3.0.202008311133/tools/bin/../lib/gcc/arm-none-eabi/9.3.1/../../../../arm-none-eabi/lib/thumb/v7e-m+fp/hard\libcr_c.a(fputs.o)
 .comment       0x0000004c       0x4d d:/nxp/mcuxpressoide_11.3.1_5262/ide/plugins/com.nxp.mcuxpresso.tools.win32_11.3.0.202008311133/tools/bin/../lib/gcc/arm-none-eabi/9.3.1/../../../../arm-none-eabi/lib/thumb/v7e-m+fp/hard\libcr_c.a(fseek.o)
 .comment       0x0000004c       0x4d d:/nxp/mcuxpressoide_11.3.1_5262/ide/plugins/com.nxp.mcuxpresso.tools.win32_11.3.0.202008311133/tools/bin/../lib/gcc/arm-none-eabi/9.3.1/../../../../arm-none-eabi/lib/thumb/v7e-m+fp/hard\libcr_c.a(ftell.o)
 .comment       0x0000004c       0x4d d:/nxp/mcuxpressoide_11.3.1_5262/ide/plugins/com.nxp.mcuxpresso.tools.win32_11.3.0.202008311133/tools/bin/../lib/gcc/arm-none-eabi/9.3.1/../../../../arm-none-eabi/lib/thumb/v7e-m+fp/hard\libcr_c.a(initio.o)
 .comment       0x0000004c       0x4d d:/nxp/mcuxpressoide_11.3.1_5262/ide/plugins/com.nxp.mcuxpresso.tools.win32_11.3.0.202008311133/tools/bin/../lib/gcc/arm-none-eabi/9.3.1/../../../../arm-none-eabi/lib/thumb/v7e-m+fp/hard\libcr_c.a(printf.o)
 .comment       0x0000004c       0x4d d:/nxp/mcuxpressoide_11.3.1_5262/ide/plugins/com.nxp.mcuxpresso.tools.win32_11.3.0.202008311133/tools/bin/../lib/gcc/arm-none-eabi/9.3.1/../../../../arm-none-eabi/lib/thumb/v7e-m+fp/hard\libcr_c.a(setvbuf.o)
 .comment       0x0000004c       0x4d d:/nxp/mcuxpressoide_11.3.1_5262/ide/plugins/com.nxp.mcuxpresso.tools.win32_11.3.0.202008311133/tools/bin/../lib/gcc/arm-none-eabi/9.3.1/../../../../arm-none-eabi/lib/thumb/v7e-m+fp/hard\libcr_c.a(strlen.o)
 .comment       0x0000004c       0x4d d:/nxp/mcuxpressoide_11.3.1_5262/ide/plugins/com.nxp.mcuxpresso.tools.win32_11.3.0.202008311133/tools/bin/../lib/gcc/arm-none-eabi/9.3.1/../../../../arm-none-eabi/lib/thumb/v7e-m+fp/hard\libcr_c.a(__init_alloc.o)
 .comment       0x0000004c       0x4d d:/nxp/mcuxpressoide_11.3.1_5262/ide/plugins/com.nxp.mcuxpresso.tools.win32_11.3.0.202008311133/tools/bin/../lib/gcc/arm-none-eabi/9.3.1/../../../../arm-none-eabi/lib/thumb/v7e-m+fp/hard\libcr_c.a(_cr_sbrk.o)
 .comment       0x0000004c       0x4d d:/nxp/mcuxpressoide_11.3.1_5262/ide/plugins/com.nxp.mcuxpresso.tools.win32_11.3.0.202008311133/tools/bin/../lib/gcc/arm-none-eabi/9.3.1/../../../../arm-none-eabi/lib/thumb/v7e-m+fp/hard\libcr_c.a(_fdopen.o)
 .comment       0x0000004c       0x4d d:/nxp/mcuxpressoide_11.3.1_5262/ide/plugins/com.nxp.mcuxpresso.tools.win32_11.3.0.202008311133/tools/bin/../lib/gcc/arm-none-eabi/9.3.1/../../../../arm-none-eabi/lib/thumb/v7e-m+fp/hard\libcr_c.a(fclose.o)
 .comment       0x0000004c       0x4d d:/nxp/mcuxpressoide_11.3.1_5262/ide/plugins/com.nxp.mcuxpresso.tools.win32_11.3.0.202008311133/tools/bin/../lib/gcc/arm-none-eabi/9.3.1/../../../../arm-none-eabi/lib/thumb/v7e-m+fp/hard\libcr_c.a(fflush.o)
 .comment       0x0000004c       0x4d d:/nxp/mcuxpressoide_11.3.1_5262/ide/plugins/com.nxp.mcuxpresso.tools.win32_11.3.0.202008311133/tools/bin/../lib/gcc/arm-none-eabi/9.3.1/../../../../arm-none-eabi/lib/thumb/v7e-m+fp/hard\libcr_c.a(remove.o)
 .comment       0x0000004c       0x4d d:/nxp/mcuxpressoide_11.3.1_5262/ide/plugins/com.nxp.mcuxpresso.tools.win32_11.3.0.202008311133/tools/bin/../lib/gcc/arm-none-eabi/9.3.1/../../../../arm-none-eabi/lib/thumb/v7e-m+fp/hard\libcr_c.a(_cr_check_heap.o)
 .comment       0x0000004c       0x4d d:/nxp/mcuxpressoide_11.3.1_5262/ide/plugins/com.nxp.mcuxpresso.tools.win32_11.3.0.202008311133/tools/bin/../lib/gcc/arm-none-eabi/9.3.1/../../../../arm-none-eabi/lib/thumb/v7e-m+fp/hard\libcr_c.a(_do_fflush.o)

.ARM.attributes
                0x00000000       0x37
 .ARM.attributes
                0x00000000       0x39 ./xip/evkmimxrt1010_flexspi_nor_config.o
 .ARM.attributes
                0x00000039       0x39 ./xip/fsl_flexspi_nor_boot.o
 .ARM.attributes
                0x00000072       0x34 ./startup/startup_mimxrt1011.o
 .ARM.attributes
                0x000000a6       0x34 ./source/Robomapper.o
 .ARM.attributes
                0x000000da       0x34 ./source/semihost_hardfault.o
 .ARM.attributes
                0x0000010e       0x34 ./drivers/fsl_clock.o
 .ARM.attributes
                0x00000142       0x34 ./drivers/fsl_gpio.o
 .ARM.attributes
                0x00000176       0x34 ./drivers/fsl_lpuart.o
 .ARM.attributes
                0x000001aa       0x34 ./drivers/fsl_pit.o
 .ARM.attributes
                0x000001de       0x34 ./device/system_MIMXRT1011.o
 .ARM.attributes
                0x00000212       0x34 ./board/board.o
 .ARM.attributes
                0x00000246       0x34 ./board/clock_config.o
 .ARM.attributes
                0x0000027a       0x34 ./board/peripherals.o
 .ARM.attributes
                0x000002ae       0x34 ./board/pin_mux.o
 .ARM.attributes
                0x000002e2       0x34 d:/nxp/mcuxpressoide_11.3.1_5262/ide/plugins/com.nxp.mcuxpresso.tools.win32_11.3.0.202008311133/tools/bin/../lib/gcc/arm-none-eabi/9.3.1/../../../../arm-none-eabi/lib/thumb/v7e-m+fp/hard\libcr_semihost_nf.a(_cr__main.o)
 .ARM.attributes
                0x00000316       0x34 d:/nxp/mcuxpressoide_11.3.1_5262/ide/plugins/com.nxp.mcuxpresso.tools.win32_11.3.0.202008311133/tools/bin/../lib/gcc/arm-none-eabi/9.3.1/../../../../arm-none-eabi/lib/thumb/v7e-m+fp/hard\libcr_semihost_nf.a(_cr_assert.o)
 .ARM.attributes
                0x0000034a       0x39 d:/nxp/mcuxpressoide_11.3.1_5262/ide/plugins/com.nxp.mcuxpresso.tools.win32_11.3.0.202008311133/tools/bin/../lib/gcc/arm-none-eabi/9.3.1/../../../../arm-none-eabi/lib/thumb/v7e-m+fp/hard\libcr_semihost_nf.a(__ciob.o)
 .ARM.attributes
                0x00000383       0x20 d:/nxp/mcuxpressoide_11.3.1_5262/ide/plugins/com.nxp.mcuxpresso.tools.win32_11.3.0.202008311133/tools/bin/../lib/gcc/arm-none-eabi/9.3.1/../../../../arm-none-eabi/lib/thumb/v7e-m+fp/hard\libcr_semihost_nf.a(__sys_appexit.o)
 .ARM.attributes
                0x000003a3       0x34 d:/nxp/mcuxpressoide_11.3.1_5262/ide/plugins/com.nxp.mcuxpresso.tools.win32_11.3.0.202008311133/tools/bin/../lib/gcc/arm-none-eabi/9.3.1/../../../../arm-none-eabi/lib/thumb/v7e-m+fp/hard\libcr_c.a(memset.o)
 .ARM.attributes
                0x000003d7       0x34 d:/nxp/mcuxpressoide_11.3.1_5262/ide/plugins/com.nxp.mcuxpresso.tools.win32_11.3.0.202008311133/tools/bin/../lib/gcc/arm-none-eabi/9.3.1/../../../../arm-none-eabi/lib/thumb/v7e-m+fp/hard\libcr_c.a(_deferredlazyseek.o)
 .ARM.attributes
                0x0000040b       0x34 d:/nxp/mcuxpressoide_11.3.1_5262/ide/plugins/com.nxp.mcuxpresso.tools.win32_11.3.0.202008311133/tools/bin/../lib/gcc/arm-none-eabi/9.3.1/../../../../arm-none-eabi/lib/thumb/v7e-m+fp/hard\libcr_c.a(_fflush.o)
 .ARM.attributes
                0x0000043f       0x34 d:/nxp/mcuxpressoide_11.3.1_5262/ide/plugins/com.nxp.mcuxpresso.tools.win32_11.3.0.202008311133/tools/bin/../lib/gcc/arm-none-eabi/9.3.1/../../../../arm-none-eabi/lib/thumb/v7e-m+fp/hard\libcr_c.a(_writebuf.o)
 .ARM.attributes
                0x00000473       0x34 d:/nxp/mcuxpressoide_11.3.1_5262/ide/plugins/com.nxp.mcuxpresso.tools.win32_11.3.0.202008311133/tools/bin/../lib/gcc/arm-none-eabi/9.3.1/../../../../arm-none-eabi/lib/thumb/v7e-m+fp/hard\libcr_c.a(alloc.o)
 .ARM.attributes
                0x000004a7       0x39 d:/nxp/mcuxpressoide_11.3.1_5262/ide/plugins/com.nxp.mcuxpresso.tools.win32_11.3.0.202008311133/tools/bin/../lib/gcc/arm-none-eabi/9.3.1/../../../../arm-none-eabi/lib/thumb/v7e-m+fp/hard\libcr_c.a(errno.o)
 .ARM.attributes
                0x000004e0       0x34 d:/nxp/mcuxpressoide_11.3.1_5262/ide/plugins/com.nxp.mcuxpresso.tools.win32_11.3.0.202008311133/tools/bin/../lib/gcc/arm-none-eabi/9.3.1/../../../../arm-none-eabi/lib/thumb/v7e-m+fp/hard\libcr_c.a(fputs.o)
 .ARM.attributes
                0x00000514       0x34 d:/nxp/mcuxpressoide_11.3.1_5262/ide/plugins/com.nxp.mcuxpresso.tools.win32_11.3.0.202008311133/tools/bin/../lib/gcc/arm-none-eabi/9.3.1/../../../../arm-none-eabi/lib/thumb/v7e-m+fp/hard\libcr_c.a(fseek.o)
 .ARM.attributes
                0x00000548       0x34 d:/nxp/mcuxpressoide_11.3.1_5262/ide/plugins/com.nxp.mcuxpresso.tools.win32_11.3.0.202008311133/tools/bin/../lib/gcc/arm-none-eabi/9.3.1/../../../../arm-none-eabi/lib/thumb/v7e-m+fp/hard\libcr_c.a(ftell.o)
 .ARM.attributes
                0x0000057c       0x34 d:/nxp/mcuxpressoide_11.3.1_5262/ide/plugins/com.nxp.mcuxpresso.tools.win32_11.3.0.202008311133/tools/bin/../lib/gcc/arm-none-eabi/9.3.1/../../../../arm-none-eabi/lib/thumb/v7e-m+fp/hard\libcr_c.a(initio.o)
 .ARM.attributes
                0x000005b0       0x34 d:/nxp/mcuxpressoide_11.3.1_5262/ide/plugins/com.nxp.mcuxpresso.tools.win32_11.3.0.202008311133/tools/bin/../lib/gcc/arm-none-eabi/9.3.1/../../../../arm-none-eabi/lib/thumb/v7e-m+fp/hard\libcr_c.a(printf.o)
 .ARM.attributes
                0x000005e4       0x34 d:/nxp/mcuxpressoide_11.3.1_5262/ide/plugins/com.nxp.mcuxpresso.tools.win32_11.3.0.202008311133/tools/bin/../lib/gcc/arm-none-eabi/9.3.1/../../../../arm-none-eabi/lib/thumb/v7e-m+fp/hard\libcr_c.a(setvbuf.o)
 .ARM.attributes
                0x00000618       0x34 d:/nxp/mcuxpressoide_11.3.1_5262/ide/plugins/com.nxp.mcuxpresso.tools.win32_11.3.0.202008311133/tools/bin/../lib/gcc/arm-none-eabi/9.3.1/../../../../arm-none-eabi/lib/thumb/v7e-m+fp/hard\libcr_c.a(strlen.o)
 .ARM.attributes
                0x0000064c       0x34 d:/nxp/mcuxpressoide_11.3.1_5262/ide/plugins/com.nxp.mcuxpresso.tools.win32_11.3.0.202008311133/tools/bin/../lib/gcc/arm-none-eabi/9.3.1/../../../../arm-none-eabi/lib/thumb/v7e-m+fp/hard\libcr_c.a(__init_alloc.o)
 .ARM.attributes
                0x00000680       0x34 d:/nxp/mcuxpressoide_11.3.1_5262/ide/plugins/com.nxp.mcuxpresso.tools.win32_11.3.0.202008311133/tools/bin/../lib/gcc/arm-none-eabi/9.3.1/../../../../arm-none-eabi/lib/thumb/v7e-m+fp/hard\libcr_c.a(_cr_sbrk.o)
 .ARM.attributes
                0x000006b4       0x34 d:/nxp/mcuxpressoide_11.3.1_5262/ide/plugins/com.nxp.mcuxpresso.tools.win32_11.3.0.202008311133/tools/bin/../lib/gcc/arm-none-eabi/9.3.1/../../../../arm-none-eabi/lib/thumb/v7e-m+fp/hard\libcr_c.a(_fdopen.o)
 .ARM.attributes
                0x000006e8       0x34 d:/nxp/mcuxpressoide_11.3.1_5262/ide/plugins/com.nxp.mcuxpresso.tools.win32_11.3.0.202008311133/tools/bin/../lib/gcc/arm-none-eabi/9.3.1/../../../../arm-none-eabi/lib/thumb/v7e-m+fp/hard\libcr_c.a(fclose.o)
 .ARM.attributes
                0x0000071c       0x34 d:/nxp/mcuxpressoide_11.3.1_5262/ide/plugins/com.nxp.mcuxpresso.tools.win32_11.3.0.202008311133/tools/bin/../lib/gcc/arm-none-eabi/9.3.1/../../../../arm-none-eabi/lib/thumb/v7e-m+fp/hard\libcr_c.a(fflush.o)
 .ARM.attributes
                0x00000750       0x34 d:/nxp/mcuxpressoide_11.3.1_5262/ide/plugins/com.nxp.mcuxpresso.tools.win32_11.3.0.202008311133/tools/bin/../lib/gcc/arm-none-eabi/9.3.1/../../../../arm-none-eabi/lib/thumb/v7e-m+fp/hard\libcr_c.a(remove.o)
 .ARM.attributes
                0x00000784       0x34 d:/nxp/mcuxpressoide_11.3.1_5262/ide/plugins/com.nxp.mcuxpresso.tools.win32_11.3.0.202008311133/tools/bin/../lib/gcc/arm-none-eabi/9.3.1/../../../../arm-none-eabi/lib/thumb/v7e-m+fp/hard\libcr_c.a(_cr_check_heap.o)
 .ARM.attributes
                0x000007b8       0x34 d:/nxp/mcuxpressoide_11.3.1_5262/ide/plugins/com.nxp.mcuxpresso.tools.win32_11.3.0.202008311133/tools/bin/../lib/gcc/arm-none-eabi/9.3.1/../../../../arm-none-eabi/lib/thumb/v7e-m+fp/hard\libcr_c.a(_do_fflush.o)
 .ARM.attributes
                0x000007ec       0x20 d:/nxp/mcuxpressoide_11.3.1_5262/ide/plugins/com.nxp.mcuxpresso.tools.win32_11.3.0.202008311133/tools/bin/../lib/gcc/arm-none-eabi/9.3.1/thumb/v7e-m+fp/hard\libcr_eabihelpers.a(division_64.o)
 .ARM.attributes
                0x0000080c       0x20 d:/nxp/mcuxpressoide_11.3.1_5262/ide/plugins/com.nxp.mcuxpresso.tools.win32_11.3.0.202008311133/tools/bin/../lib/gcc/arm-none-eabi/9.3.1/thumb/v7e-m+fp/hard\libcr_eabihelpers.a(division_idiv0.o)
 .ARM.attributes
                0x0000082c       0x20 d:/nxp/mcuxpressoide_11.3.1_5262/ide/plugins/com.nxp.mcuxpresso.tools.win32_11.3.0.202008311133/tools/bin/../lib/gcc/arm-none-eabi/9.3.1/thumb/v7e-m+fp/hard\libcr_eabihelpers.a(memcpy.o)
 .ARM.attributes
                0x0000084c       0x20 d:/nxp/mcuxpressoide_11.3.1_5262/ide/plugins/com.nxp.mcuxpresso.tools.win32_11.3.0.202008311133/tools/bin/../lib/gcc/arm-none-eabi/9.3.1/../../../../arm-none-eabi/lib/thumb/v7e-m+fp/hard\libcr_semihost_nf.a(__sys_close.o)
 .ARM.attributes
                0x0000086c       0x20 d:/nxp/mcuxpressoide_11.3.1_5262/ide/plugins/com.nxp.mcuxpresso.tools.win32_11.3.0.202008311133/tools/bin/../lib/gcc/arm-none-eabi/9.3.1/../../../../arm-none-eabi/lib/thumb/v7e-m+fp/hard\libcr_semihost_nf.a(__sys_flen.o)
 .ARM.attributes
                0x0000088c       0x20 d:/nxp/mcuxpressoide_11.3.1_5262/ide/plugins/com.nxp.mcuxpresso.tools.win32_11.3.0.202008311133/tools/bin/../lib/gcc/arm-none-eabi/9.3.1/../../../../arm-none-eabi/lib/thumb/v7e-m+fp/hard\libcr_semihost_nf.a(__sys_istty.o)
 .ARM.attributes
                0x000008ac       0x20 d:/nxp/mcuxpressoide_11.3.1_5262/ide/plugins/com.nxp.mcuxpresso.tools.win32_11.3.0.202008311133/tools/bin/../lib/gcc/arm-none-eabi/9.3.1/../../../../arm-none-eabi/lib/thumb/v7e-m+fp/hard\libcr_semihost_nf.a(__sys_remove.o)
 .ARM.attributes
                0x000008cc       0x20 d:/nxp/mcuxpressoide_11.3.1_5262/ide/plugins/com.nxp.mcuxpresso.tools.win32_11.3.0.202008311133/tools/bin/../lib/gcc/arm-none-eabi/9.3.1/../../../../arm-none-eabi/lib/thumb/v7e-m+fp/hard\libcr_semihost_nf.a(__sys_seek.o)
 .ARM.attributes
                0x000008ec       0x20 d:/nxp/mcuxpressoide_11.3.1_5262/ide/plugins/com.nxp.mcuxpresso.tools.win32_11.3.0.202008311133/tools/bin/../lib/gcc/arm-none-eabi/9.3.1/../../../../arm-none-eabi/lib/thumb/v7e-m+fp/hard\libcr_semihost_nf.a(__sys_tmpnam.o)
 .ARM.attributes
                0x0000090c       0x20 d:/nxp/mcuxpressoide_11.3.1_5262/ide/plugins/com.nxp.mcuxpresso.tools.win32_11.3.0.202008311133/tools/bin/../lib/gcc/arm-none-eabi/9.3.1/../../../../arm-none-eabi/lib/thumb/v7e-m+fp/hard\libcr_semihost_nf.a(__sys_write.o)

.debug_ranges   0x00000000      0x7b0
 .debug_ranges  0x00000000      0x2f0 ./startup/startup_mimxrt1011.o
 .debug_ranges  0x000002f0       0x40 ./source/Robomapper.o
 .debug_ranges  0x00000330       0x10 ./source/semihost_hardfault.o
 .debug_ranges  0x00000340      0x150 ./drivers/fsl_clock.o
 .debug_ranges  0x00000490       0x40 ./drivers/fsl_gpio.o
 .debug_ranges  0x000004d0      0x140 ./drivers/fsl_lpuart.o
 .debug_ranges  0x00000610       0x40 ./drivers/fsl_pit.o
 .debug_ranges  0x00000650       0x20 ./device/system_MIMXRT1011.o
 .debug_ranges  0x00000670       0x58 ./board/board.o
 .debug_ranges  0x000006c8       0x60 ./board/clock_config.o
 .debug_ranges  0x00000728       0x48 ./board/peripherals.o
 .debug_ranges  0x00000770       0x40 ./board/pin_mux.o

.debug_frame    0x00000000     0x1d1c
 .debug_frame   0x00000000      0x874 ./startup/startup_mimxrt1011.o
 .debug_frame   0x00000874      0x11c ./source/Robomapper.o
 .debug_frame   0x00000990       0x20 ./source/semihost_hardfault.o
 .debug_frame   0x000009b0      0x5e0 ./drivers/fsl_clock.o
 .debug_frame   0x00000f90      0x110 ./drivers/fsl_gpio.o
 .debug_frame   0x000010a0      0x594 ./drivers/fsl_lpuart.o
 .debug_frame   0x00001634      0x114 ./drivers/fsl_pit.o
 .debug_frame   0x00001748       0x7c ./device/system_MIMXRT1011.o
 .debug_frame   0x000017c4      0x188 ./board/board.o
 .debug_frame   0x0000194c      0x1a0 ./board/clock_config.o
 .debug_frame   0x00001aec      0x124 ./board/peripherals.o
 .debug_frame   0x00001c10      0x10c ./board/pin_mux.o

Cross Reference Table

Symbol                                            File
ADC1_DriverIRQHandler                             ./startup/startup_mimxrt1011.o
ADC1_IRQHandler                                   ./startup/startup_mimxrt1011.o
ADC_ETC_ERROR_IRQ_DriverIRQHandler                ./startup/startup_mimxrt1011.o
ADC_ETC_ERROR_IRQ_IRQHandler                      ./startup/startup_mimxrt1011.o
ADC_ETC_IRQ0_DriverIRQHandler                     ./startup/startup_mimxrt1011.o
ADC_ETC_IRQ0_IRQHandler                           ./startup/startup_mimxrt1011.o
ADC_ETC_IRQ1_DriverIRQHandler                     ./startup/startup_mimxrt1011.o
ADC_ETC_IRQ1_IRQHandler                           ./startup/startup_mimxrt1011.o
ADC_ETC_IRQ2_DriverIRQHandler                     ./startup/startup_mimxrt1011.o
ADC_ETC_IRQ2_IRQHandler                           ./startup/startup_mimxrt1011.o
ADC_ETC_IRQ3_DriverIRQHandler                     ./startup/startup_mimxrt1011.o
ADC_ETC_IRQ3_IRQHandler                           ./startup/startup_mimxrt1011.o
BOARD_BootClockRUN                                ./board/clock_config.o
BOARD_ConfigMPU                                   ./board/board.o
                                                  ./source/Robomapper.o
BOARD_DebugConsoleSrcFreq                         ./board/board.o
BOARD_InitBootClocks                              ./board/clock_config.o
                                                  ./source/Robomapper.o
BOARD_InitBootPeripherals                         ./board/peripherals.o
                                                  ./source/Robomapper.o
BOARD_InitBootPins                                ./board/pin_mux.o
                                                  ./source/Robomapper.o
BOARD_InitDEBUG_UARTPins                          ./board/pin_mux.o
BOARD_InitDebugConsole                            ./board/board.o
                                                  ./source/Robomapper.o
BOARD_InitPeripherals                             ./board/peripherals.o
BOARD_InitPins                                    ./board/pin_mux.o
BOARD_InitQSPIPins                                ./board/pin_mux.o
BusFault_Handler                                  ./startup/startup_mimxrt1011.o
CCM_1_DriverIRQHandler                            ./startup/startup_mimxrt1011.o
CCM_1_IRQHandler                                  ./startup/startup_mimxrt1011.o
CCM_2_DriverIRQHandler                            ./startup/startup_mimxrt1011.o
CCM_2_IRQHandler                                  ./startup/startup_mimxrt1011.o
CLOCK_DeinitAudioPll                              ./drivers/fsl_clock.o
                                                  ./board/clock_config.o
CLOCK_DeinitEnetPll                               ./drivers/fsl_clock.o
CLOCK_DeinitExternalClk                           ./drivers/fsl_clock.o
CLOCK_DeinitRcOsc24M                              ./drivers/fsl_clock.o
CLOCK_DeinitSysPfd                                ./drivers/fsl_clock.o
CLOCK_DeinitSysPll                                ./drivers/fsl_clock.o
CLOCK_DeinitUsb1Pfd                               ./drivers/fsl_clock.o
CLOCK_DeinitUsb1Pll                               ./drivers/fsl_clock.o
CLOCK_DisableUsbhs0PhyPllClock                    ./drivers/fsl_clock.o
CLOCK_EnableUsbhs0Clock                           ./drivers/fsl_clock.o
CLOCK_EnableUsbhs0PhyPllClock                     ./drivers/fsl_clock.o
CLOCK_GetClockOutCLKO1Freq                        ./drivers/fsl_clock.o
CLOCK_GetClockOutClkO2Freq                        ./drivers/fsl_clock.o
CLOCK_GetClockRootFreq                            ./drivers/fsl_clock.o
CLOCK_GetCoreFreq                                 ./drivers/fsl_clock.o
CLOCK_GetFreq                                     ./drivers/fsl_clock.o
CLOCK_GetIpgFreq                                  ./drivers/fsl_clock.o
CLOCK_GetPerClkFreq                               ./drivers/fsl_clock.o
CLOCK_GetPllFreq                                  ./drivers/fsl_clock.o
                                                  ./board/board.o
CLOCK_GetSysPfdFreq                               ./drivers/fsl_clock.o
CLOCK_GetUsb1PfdFreq                              ./drivers/fsl_clock.o
CLOCK_InitAudioPll                                ./drivers/fsl_clock.o
CLOCK_InitEnetPll                                 ./drivers/fsl_clock.o
                                                  ./board/clock_config.o
CLOCK_InitExternalClk                             ./drivers/fsl_clock.o
                                                  ./board/clock_config.o
CLOCK_InitRcOsc24M                                ./drivers/fsl_clock.o
                                                  ./board/clock_config.o
CLOCK_InitSysPfd                                  ./drivers/fsl_clock.o
                                                  ./board/clock_config.o
CLOCK_InitSysPll                                  ./drivers/fsl_clock.o
                                                  ./board/clock_config.o
CLOCK_InitUsb1Pfd                                 ./drivers/fsl_clock.o
CLOCK_InitUsb1Pll                                 ./drivers/fsl_clock.o
CLOCK_SetClockOutput1                             ./drivers/fsl_clock.o
CLOCK_SetClockOutput2                             ./drivers/fsl_clock.o
CLOCK_SwitchOsc                                   ./drivers/fsl_clock.o
                                                  ./board/clock_config.o
CORE_DriverIRQHandler                             ./startup/startup_mimxrt1011.o
CORE_IRQHandler                                   ./startup/startup_mimxrt1011.o
CSU_DriverIRQHandler                              ./startup/startup_mimxrt1011.o
CSU_IRQHandler                                    ./startup/startup_mimxrt1011.o