startup_mimxrt1011.c:388:6:data_init	4	static
startup_mimxrt1011.c:397:6:bss_init	0	static
startup_mimxrt1011.c:422:6:ResetISR	8	static
startup_mimxrt1011.c:516:14:NMI_Handler	0	static
startup_mimxrt1011.c:520:14:HardFault_Handler	0	static
startup_mimxrt1011.c:524:14:MemManage_Handler	0	static
startup_mimxrt1011.c:528:14:BusFault_Handler	0	static
startup_mimxrt1011.c:532:14:UsageFault_Handler	0	static
startup_mimxrt1011.c:536:14:SVC_Handler	0	static
startup_mimxrt1011.c:540:14:DebugMon_Handler	0	static
startup_mimxrt1011.c:544:14:PendSV_Handler	0	static
startup_mimxrt1011.c:548:14:SysTick_Handler	0	static
startup_mimxrt1011.c:556:14:IntDefaultHandler	0	static
startup_mimxrt1011.c:566:11:DMA0_IRQHandler	8	static
startup_mimxrt1011.c:570:11:DMA1_IRQHandler	8	static
startup_mimxrt1011.c:574:11:DMA2_IRQHandler	8	static
startup_mimxrt1011.c:578:11:DMA3_IRQHandler	8	static
startup_mimxrt1011.c:582:11:DMA4_IRQHandler	8	static
startup_mimxrt1011.c:586:11:DMA5_IRQHandler	8	static
startup_mimxrt1011.c:590:11:DMA6_IRQHandler	8	static
startup_mimxrt1011.c:594:11:DMA7_IRQHandler	8	static
startup_mimxrt1011.c:598:11:DMA8_IRQHandler	8	static
startup_mimxrt1011.c:602:11:DMA9_IRQHandler	8	static
startup_mimxrt1011.c:606:11:DMA10_IRQHandler	8	static
startup_mimxrt1011.c:610:11:DMA11_IRQHandler	8	static
startup_mimxrt1011.c:614:11:DMA12_IRQHandler	8	static
startup_mimxrt1011.c:618:11:DMA13_IRQHandler	8	static
startup_mimxrt1011.c:622:11:DMA14_IRQHandler	8	static
startup_mimxrt1011.c:626:11:DMA15_IRQHandler	8	static
startup_mimxrt1011.c:630:11:DMA_ERROR_IRQHandler	8	static
startup_mimxrt1011.c:634:11:CTI0_ERROR_IRQHandler	8	static
startup_mimxrt1011.c:638:11:CTI1_ERROR_IRQHandler	8	static
startup_mimxrt1011.c:642:11:CORE_IRQHandler	8	static
startup_mimxrt1011.c:646:11:LPUART1_IRQHandler	8	static
startup_mimxrt1011.c:650:11:LPUART2_IRQHandler	8	static
startup_mimxrt1011.c:654:11:LPUART3_IRQHandler	8	static
startup_mimxrt1011.c:658:11:LPUART4_IRQHandler	8	static
startup_mimxrt1011.c:662:11:PIT_IRQHandler	8	static
startup_mimxrt1011.c:666:11:USB_OTG1_IRQHandler	8	static
startup_mimxrt1011.c:670:11:FLEXSPI_IRQHandler	8	static
startup_mimxrt1011.c:674:11:FLEXRAM_IRQHandler	8	static
startup_mimxrt1011.c:678:11:LPI2C1_IRQHandler	8	static
startup_mimxrt1011.c:682:11:LPI2C2_IRQHandler	8	static
startup_mimxrt1011.c:686:11:GPT1_IRQHandler	8	static
startup_mimxrt1011.c:690:11:GPT2_IRQHandler	8	static
startup_mimxrt1011.c:694:11:LPSPI1_IRQHandler	8	static
startup_mimxrt1011.c:698:11:LPSPI2_IRQHandler	8	static
startup_mimxrt1011.c:702:11:PWM1_0_IRQHandler	8	static
startup_mimxrt1011.c:706:11:PWM1_1_IRQHandler	8	static
startup_mimxrt1011.c:710:11:PWM1_2_IRQHandler	8	static
startup_mimxrt1011.c:714:11:PWM1_3_IRQHandler	8	static
startup_mimxrt1011.c:718:11:PWM1_FAULT_IRQHandler	8	static
startup_mimxrt1011.c:722:11:KPP_IRQHandler	8	static
startup_mimxrt1011.c:726:11:SRC_IRQHandler	8	static
startup_mimxrt1011.c:730:11:GPR_IRQ_IRQHandler	8	static
startup_mimxrt1011.c:734:11:CCM_1_IRQHandler	8	static
startup_mimxrt1011.c:738:11:CCM_2_IRQHandler	8	static
startup_mimxrt1011.c:742:11:EWM_IRQHandler	8	static
startup_mimxrt1011.c:746:11:WDOG2_IRQHandler	8	static
startup_mimxrt1011.c:750:11:SNVS_HP_WRAPPER_IRQHandler	8	static
startup_mimxrt1011.c:754:11:SNVS_HP_WRAPPER_TZ_IRQHandler	8	static
startup_mimxrt1011.c:758:11:SNVS_LP_WRAPPER_IRQHandler	8	static
startup_mimxrt1011.c:762:11:CSU_IRQHandler	8	static
startup_mimxrt1011.c:766:11:DCP_IRQHandler	8	static
startup_mimxrt1011.c:770:11:DCP_VMI_IRQHandler	8	static
startup_mimxrt1011.c:774:11:Reserved68_IRQHandler	8	static
startup_mimxrt1011.c:778:11:TRNG_IRQHandler	8	static
startup_mimxrt1011.c:782:11:Reserved70_IRQHandler	8	static
startup_mimxrt1011.c:786:11:Reserved71_IRQHandler	8	static
startup_mimxrt1011.c:790:11:SAI1_IRQHandler	8	static
startup_mimxrt1011.c:794:11:RTWDOG_IRQHandler	8	static
startup_mimxrt1011.c:798:11:SAI3_RX_IRQHandler	8	static
startup_mimxrt1011.c:802:11:SAI3_TX_IRQHandler	8	static
startup_mimxrt1011.c:806:11:SPDIF_IRQHandler	8	static
startup_mimxrt1011.c:810:11:PMU_IRQHandler	8	static
startup_mimxrt1011.c:814:11:XBAR1_IRQ_0_1_2_3_IRQHandler	8	static
startup_mimxrt1011.c:818:11:TEMP_LOW_HIGH_IRQHandler	8	static
startup_mimxrt1011.c:822:11:TEMP_PANIC_IRQHandler	8	static
startup_mimxrt1011.c:826:11:USB_PHY_IRQHandler	8	static
startup_mimxrt1011.c:830:11:GPC_IRQHandler	8	static
startup_mimxrt1011.c:834:11:ADC1_IRQHandler	8	static
startup_mimxrt1011.c:838:11:FLEXIO1_IRQHandler	8	static
startup_mimxrt1011.c:842:11:DCDC_IRQHandler	8	static
startup_mimxrt1011.c:846:11:GPIO1_Combined_0_15_IRQHandler	8	static
startup_mimxrt1011.c:850:11:GPIO1_Combined_16_31_IRQHandler	8	static
startup_mimxrt1011.c:854:11:GPIO2_Combined_0_15_IRQHandler	8	static
startup_mimxrt1011.c:858:11:GPIO5_Combined_0_15_IRQHandler	8	static
startup_mimxrt1011.c:862:11:WDOG1_IRQHandler	8	static
startup_mimxrt1011.c:866:11:ADC_ETC_IRQ0_IRQHandler	8	static
startup_mimxrt1011.c:870:11:ADC_ETC_IRQ1_IRQHandler	8	static
startup_mimxrt1011.c:874:11:ADC_ETC_IRQ2_IRQHandler	8	static
startup_mimxrt1011.c:878:11:ADC_ETC_IRQ3_IRQHandler	8	static
startup_mimxrt1011.c:882:11:ADC_ETC_ERROR_IRQ_IRQHandler	8	static
